libmutter-Message: 12:47:02.590: Running GNOME Shell (using mutter 46.2) as a X11 window and compositing manager

(gnome-shell:411): libmutter-WARNING **: 12:47:02.590: Could not create database of Wacom devices, expect tablets to misbehave
Xlib:  extension "DPMS" missing on display ":46629".
Window manager warning: Impossible to set scaling on crtc 59 to 1.000000, error id 2
Window manager warning: Scalig CRTC 59 at 1.000000 failed

Xlib:  extension "DPMS" missing on display ":46629".
libmutter-Message: 12:47:02.669: KEYBINDINGS: Mouse button modifier has new GSettings value "<Super>"
libmutter-Message: 12:47:02.669: KEYBINDINGS: Ignoring modmask 0x12 scroll lock 0x0 hyper 0x40 super 0x40 meta 0x8
libmutter-Message: 12:47:02.669: KEYBINDINGS: Binding "switch-to-workspace-1" has new GSettings value
libmutter-Message: 12:47:02.669: KEYBINDINGS: Binding "switch-to-workspace-2" has new GSettings value
libmutter-Message: 12:47:02.669: KEYBINDINGS: Binding "switch-to-workspace-3" has new GSettings value
libmutter-Message: 12:47:02.669: KEYBINDINGS: Binding "switch-to-workspace-4" has new GSettings value
libmutter-Message: 12:47:02.669: KEYBINDINGS: Binding "switch-to-workspace-5" has new GSettings value
libmutter-Message: 12:47:02.669: KEYBINDINGS: Binding "switch-to-workspace-6" has new GSettings value
libmutter-Message: 12:47:02.669: KEYBINDINGS: Binding "switch-to-workspace-7" has new GSettings value
libmutter-Message: 12:47:02.669: KEYBINDINGS: Binding "switch-to-workspace-8" has new GSettings value
libmutter-Message: 12:47:02.669: KEYBINDINGS: Binding "switch-to-workspace-9" has new GSettings value
libmutter-Message: 12:47:02.669: KEYBINDINGS: Binding "switch-to-workspace-10" has new GSettings value
libmutter-Message: 12:47:02.669: KEYBINDINGS: Binding "switch-to-workspace-11" has new GSettings value
libmutter-Message: 12:47:02.669: KEYBINDINGS: Binding "switch-to-workspace-12" has new GSettings value
libmutter-Message: 12:47:02.669: KEYBINDINGS: Binding "switch-to-workspace-left" has new GSettings value
libmutter-Message: 12:47:02.669: KEYBINDINGS: Binding "switch-to-workspace-right" has new GSettings value
libmutter-Message: 12:47:02.669: KEYBINDINGS: Binding "switch-to-workspace-up" has new GSettings value
libmutter-Message: 12:47:02.669: KEYBINDINGS: Binding "switch-to-workspace-down" has new GSettings value
libmutter-Message: 12:47:02.669: KEYBINDINGS: Binding "switch-to-workspace-last" has new GSettings value
libmutter-Message: 12:47:02.669: KEYBINDINGS: Binding "switch-group" has new GSettings value
libmutter-Message: 12:47:02.669: KEYBINDINGS: Binding "switch-group-backward" has new GSettings value
libmutter-Message: 12:47:02.669: KEYBINDINGS: Binding "switch-applications" has new GSettings value
libmutter-Message: 12:47:02.669: KEYBINDINGS: Binding "switch-applications-backward" has new GSettings value
libmutter-Message: 12:47:02.669: KEYBINDINGS: Binding "switch-windows" has new GSettings value
libmutter-Message: 12:47:02.669: KEYBINDINGS: Binding "switch-windows-backward" has new GSettings value
libmutter-Message: 12:47:02.669: KEYBINDINGS: Binding "switch-panels" has new GSettings value
libmutter-Message: 12:47:02.669: KEYBINDINGS: Binding "switch-panels-backward" has new GSettings value
libmutter-Message: 12:47:02.669: KEYBINDINGS: Binding "cycle-group" has new GSettings value
libmutter-Message: 12:47:02.669: KEYBINDINGS: Binding "cycle-group-backward" has new GSettings value
libmutter-Message: 12:47:02.669: KEYBINDINGS: Binding "cycle-windows" has new GSettings value
libmutter-Message: 12:47:02.669: KEYBINDINGS: Binding "cycle-windows-backward" has new GSettings value
libmutter-Message: 12:47:02.669: KEYBINDINGS: Binding "cycle-panels" has new GSettings value
libmutter-Message: 12:47:02.669: KEYBINDINGS: Binding "cycle-panels-backward" has new GSettings value
libmutter-Message: 12:47:02.669: KEYBINDINGS: Binding "show-desktop" has new GSettings value
libmutter-Message: 12:47:02.669: KEYBINDINGS: Binding "panel-run-dialog" has new GSettings value
libmutter-Message: 12:47:02.669: KEYBINDINGS: Binding "set-spew-mark" has new GSettings value
libmutter-Message: 12:47:02.669: KEYBINDINGS: Binding "toggle-above" has new GSettings value
libmutter-Message: 12:47:02.669: KEYBINDINGS: Binding "maximize" has new GSettings value
libmutter-Message: 12:47:02.669: KEYBINDINGS: Binding "unmaximize" has new GSettings value
libmutter-Message: 12:47:02.669: KEYBINDINGS: Binding "minimize" has new GSettings value
libmutter-Message: 12:47:02.669: KEYBINDINGS: Binding "close" has new GSettings value
libmutter-Message: 12:47:02.669: KEYBINDINGS: Binding "begin-move" has new GSettings value
libmutter-Message: 12:47:02.669: KEYBINDINGS: Binding "begin-resize" has new GSettings value
libmutter-Message: 12:47:02.669: KEYBINDINGS: Binding "toggle-on-all-workspaces" has new GSettings value
libmutter-Message: 12:47:02.669: KEYBINDINGS: Binding "move-to-workspace-1" has new GSettings value
libmutter-Message: 12:47:02.669: KEYBINDINGS: Binding "move-to-workspace-2" has new GSettings value
libmutter-Message: 12:47:02.669: KEYBINDINGS: Binding "move-to-workspace-3" has new GSettings value
libmutter-Message: 12:47:02.669: KEYBINDINGS: Binding "move-to-workspace-4" has new GSettings value
libmutter-Message: 12:47:02.669: KEYBINDINGS: Binding "move-to-workspace-5" has new GSettings value
libmutter-Message: 12:47:02.669: KEYBINDINGS: Binding "move-to-workspace-6" has new GSettings value
libmutter-Message: 12:47:02.669: KEYBINDINGS: Binding "move-to-workspace-7" has new GSettings value
libmutter-Message: 12:47:02.669: KEYBINDINGS: Binding "move-to-workspace-8" has new GSettings value
libmutter-Message: 12:47:02.669: KEYBINDINGS: Binding "move-to-workspace-9" has new GSettings value
libmutter-Message: 12:47:02.669: KEYBINDINGS: Binding "move-to-workspace-10" has new GSettings value
libmutter-Message: 12:47:02.669: KEYBINDINGS: Binding "move-to-workspace-11" has new GSettings value
libmutter-Message: 12:47:02.669: KEYBINDINGS: Binding "move-to-workspace-12" has new GSettings value
libmutter-Message: 12:47:02.669: KEYBINDINGS: Binding "move-to-workspace-last" has new GSettings value
libmutter-Message: 12:47:02.669: KEYBINDINGS: Binding "move-to-workspace-left" has new GSettings value
libmutter-Message: 12:47:02.669: KEYBINDINGS: Binding "move-to-workspace-right" has new GSettings value
libmutter-Message: 12:47:02.669: KEYBINDINGS: Binding "move-to-workspace-up" has new GSettings value
libmutter-Message: 12:47:02.669: KEYBINDINGS: Binding "move-to-workspace-down" has new GSettings value
libmutter-Message: 12:47:02.669: KEYBINDINGS: Binding "move-to-monitor-left" has new GSettings value
libmutter-Message: 12:47:02.669: KEYBINDINGS: Binding "move-to-monitor-right" has new GSettings value
libmutter-Message: 12:47:02.669: KEYBINDINGS: Binding "move-to-monitor-down" has new GSettings value
libmutter-Message: 12:47:02.669: KEYBINDINGS: Binding "move-to-monitor-up" has new GSettings value
libmutter-Message: 12:47:02.669: KEYBINDINGS: Binding "raise-or-lower" has new GSettings value
libmutter-Message: 12:47:02.669: KEYBINDINGS: Binding "raise" has new GSettings value
libmutter-Message: 12:47:02.669: KEYBINDINGS: Binding "lower" has new GSettings value
libmutter-Message: 12:47:02.669: KEYBINDINGS: Binding "maximize-vertically" has new GSettings value
libmutter-Message: 12:47:02.669: KEYBINDINGS: Binding "maximize-horizontally" has new GSettings value
libmutter-Message: 12:47:02.669: KEYBINDINGS: Binding "always-on-top" has new GSettings value
libmutter-Message: 12:47:02.669: KEYBINDINGS: Binding "move-to-corner-nw" has new GSettings value
libmutter-Message: 12:47:02.669: KEYBINDINGS: Binding "move-to-corner-ne" has new GSettings value
libmutter-Message: 12:47:02.669: KEYBINDINGS: Binding "move-to-corner-sw" has new GSettings value
libmutter-Message: 12:47:02.669: KEYBINDINGS: Binding "move-to-corner-se" has new GSettings value
libmutter-Message: 12:47:02.669: KEYBINDINGS: Binding "move-to-side-n" has new GSettings value
libmutter-Message: 12:47:02.669: KEYBINDINGS: Binding "move-to-side-s" has new GSettings value
libmutter-Message: 12:47:02.669: KEYBINDINGS: Binding "move-to-side-e" has new GSettings value
libmutter-Message: 12:47:02.669: KEYBINDINGS: Binding "move-to-side-w" has new GSettings value
libmutter-Message: 12:47:02.669: KEYBINDINGS: Binding "move-to-center" has new GSettings value
libmutter-Message: 12:47:02.669: KEYBINDINGS: Binding "activate-window-menu" has new GSettings value
libmutter-Message: 12:47:02.669: KEYBINDINGS: Binding "toggle-fullscreen" has new GSettings value
libmutter-Message: 12:47:02.669: KEYBINDINGS: Binding "toggle-maximized" has new GSettings value
libmutter-Message: 12:47:02.669: KEYBINDINGS: Binding "switch-monitor" has new GSettings value
libmutter-Message: 12:47:02.669: KEYBINDINGS: Binding "rotate-monitor" has new GSettings value
libmutter-Message: 12:47:02.669: KEYBINDINGS: Binding "cancel-input-capture" has new GSettings value
libmutter-Message: 12:47:02.669: KEYBINDINGS: Binding "toggle-tiled-left" has new GSettings value
libmutter-Message: 12:47:02.669: KEYBINDINGS: Binding "toggle-tiled-right" has new GSettings value
libmutter-Message: 12:47:02.669: KEYBINDINGS: Binding "restore-shortcuts" has new GSettings value
libmutter-Message: 12:47:02.669: KEYBINDINGS: Rebuilding key binding table from preferences
libmutter-Message: 12:47:02.669: KEYBINDINGS:  60 bindings in table
libmutter-Message: 12:47:02.671: KEYBINDINGS: Grabbing keybinding keycode 133 mask 0x0 on 0x21f
libmutter-Message: 12:47:02.671: KEYBINDINGS: Grabbing keybinding keycode 117 mask 0x40 on 0x21f
libmutter-Message: 12:47:02.671: KEYBINDINGS: Grabbing keybinding keycode 72 mask 0x9 on 0x21f
libmutter-Message: 12:47:02.672: KEYBINDINGS: Grabbing keybinding keycode 9 mask 0x9 on 0x21f
libmutter-Message: 12:47:02.672: KEYBINDINGS: Grabbing keybinding keycode 115 mask 0x40 on 0x21f
libmutter-Message: 12:47:02.672: KEYBINDINGS: Grabbing keybinding keycode 161 mask 0x0 on 0x21f
libmutter-Message: 12:47:02.672: KEYBINDINGS: Grabbing keybinding keycode 9 mask 0xd on 0x21f
libmutter-Message: 12:47:02.672: KEYBINDINGS: Grabbing keybinding keycode 114 mask 0x48 on 0x21f
libmutter-Message: 12:47:02.672: KEYBINDINGS: Grabbing keybinding keycode 9 mask 0x8 on 0x21f
libmutter-Message: 12:47:02.672: KEYBINDINGS: Grabbing keybinding keycode 68 mask 0x8 on 0x21f
libmutter-Message: 12:47:02.672: KEYBINDINGS: Grabbing keybinding keycode 49 mask 0x41 on 0x21f
libmutter-Message: 12:47:02.672: KEYBINDINGS: Grabbing keybinding keycode 23 mask 0x9 on 0x21f
libmutter-Message: 12:47:02.672: KEYBINDINGS: Grabbing keybinding keycode 23 mask 0xd on 0x21f
libmutter-Message: 12:47:02.673: KEYBINDINGS: Grabbing keybinding keycode 112 mask 0x40 on 0x21f
libmutter-Message: 12:47:02.673: KEYBINDINGS: Grabbing keybinding keycode 114 mask 0xc on 0x21f
libmutter-Message: 12:47:02.673: KEYBINDINGS: Grabbing keybinding keycode 9 mask 0x41 on 0x21f
libmutter-Message: 12:47:02.673: KEYBINDINGS: Grabbing keybinding keycode 113 mask 0xc on 0x21f
libmutter-Message: 12:47:02.673: KEYBINDINGS: Grabbing keybinding keycode 235 mask 0x0 on 0x21f
libmutter-Message: 12:47:02.673: KEYBINDINGS: Grabbing keybinding keycode 116 mask 0xc on 0x21f
libmutter-Message: 12:47:02.673: KEYBINDINGS: Grabbing keybinding keycode 23 mask 0x40 on 0x21f
libmutter-Message: 12:47:02.673: KEYBINDINGS: Grabbing keybinding keycode 9 mask 0xc on 0x21f
libmutter-Message: 12:47:02.674: KEYBINDINGS: Grabbing keybinding keycode 40 mask 0x40 on 0x21f
libmutter-Message: 12:47:02.674: KEYBINDINGS: Grabbing keybinding keycode 49 mask 0x9 on 0x21f
libmutter-Message: 12:47:02.674: KEYBINDINGS: Grabbing keybinding keycode 49 mask 0x40 on 0x21f
libmutter-Message: 12:47:02.674: KEYBINDINGS: Grabbing keybinding keycode 110 mask 0x40 on 0x21f
libmutter-Message: 12:47:02.674: KEYBINDINGS: Grabbing keybinding keycode 49 mask 0x8 on 0x21f
libmutter-Message: 12:47:02.674: KEYBINDINGS: Grabbing keybinding keycode 23 mask 0x41 on 0x21f
libmutter-Message: 12:47:02.674: KEYBINDINGS: Grabbing keybinding keycode 23 mask 0x8 on 0x21f
libmutter-Message: 12:47:02.674: KEYBINDINGS: Grabbing keybinding keycode 72 mask 0x8 on 0x21f
libmutter-Message: 12:47:02.675: KEYBINDINGS: Grabbing keybinding keycode 111 mask 0xc on 0x21f
libmutter-Message: 12:47:02.675: KEYBINDINGS: Grabbing keybinding keycode 113 mask 0x48 on 0x21f
libmutter-Message: 12:47:02.675: KEYBINDINGS: Grabbing keybinding keycode 9 mask 0x40 on 0x21f
libmutter-Message: 12:47:02.675: KEYBINDINGS: Grabbing keybinding keycode 33 mask 0x40 on 0x21f
libmutter-Message: 12:47:02.675: KEYBINDINGS: Grabbing keybinding keycode 23 mask 0xc on 0x21f
libmutter-Message: 12:47:02.680: FOCUS: Setting X11 input focus for window none to 0x600003
libmutter-Message: 12:47:02.680: FOCUS: Updating X11 focus window from 0x0 to 0x600003
Xlib:  extension "DPMS" missing on display ":46629".
libmutter-Message: 12:47:02.712: FOCUS: Focus out event received on  0x21f (root window) mode NotifyNormal detail NotifyAncestor serial 253
libmutter-Message: 12:47:02.712: FOCUS: Ignoring focus event generated by a grab or other weirdness
libmutter-Message: 12:47:02.716: WINDOW_STATE: Queueing move-resize for window '0x400003'
libmutter-Message: 12:47:02.716: WINDOW_STATE: Unqueuing move-resize for window '0x400003'
libmutter-Message: 12:47:02.716: WINDOW_STATE: Queueing move-resize for window '0x400003'
libmutter-Message: 12:47:02.716: WINDOW_STATE: Queueing calc-showing for window '0x400003'
libmutter-Message: 12:47:02.716: KEYBINDINGS: Grabbing keybinding keycode 113 mask 0x40 on 0x400003
libmutter-Message: 12:47:02.716: KEYBINDINGS: Grabbing keybinding keycode 111 mask 0x41 on 0x400003
libmutter-Message: 12:47:02.717: KEYBINDINGS: Grabbing keybinding keycode 114 mask 0x40 on 0x400003
libmutter-Message: 12:47:02.717: KEYBINDINGS: Grabbing keybinding keycode 117 mask 0x41 on 0x400003
libmutter-Message: 12:47:02.717: KEYBINDINGS: Grabbing keybinding keycode 73 mask 0x8 on 0x400003
libmutter-Message: 12:47:02.717: KEYBINDINGS: Grabbing keybinding keycode 116 mask 0x40 on 0x400003
libmutter-Message: 12:47:02.717: KEYBINDINGS: Grabbing keybinding keycode 113 mask 0x49 on 0x400003
libmutter-Message: 12:47:02.717: KEYBINDINGS: Grabbing keybinding keycode 110 mask 0x41 on 0x400003
libmutter-Message: 12:47:02.717: KEYBINDINGS: Grabbing keybinding keycode 115 mask 0x41 on 0x400003
libmutter-Message: 12:47:02.717: KEYBINDINGS: Grabbing keybinding keycode 114 mask 0x41 on 0x400003
libmutter-Message: 12:47:02.718: KEYBINDINGS: Grabbing keybinding keycode 70 mask 0x8 on 0x400003
libmutter-Message: 12:47:02.718: KEYBINDINGS: Grabbing keybinding keycode 114 mask 0x49 on 0x400003
libmutter-Message: 12:47:02.718: KEYBINDINGS: Grabbing keybinding keycode 116 mask 0xd on 0x400003
libmutter-Message: 12:47:02.718: KEYBINDINGS: Grabbing keybinding keycode 116 mask 0x41 on 0x400003
libmutter-Message: 12:47:02.718: KEYBINDINGS: Grabbing keybinding keycode 111 mask 0xd on 0x400003
libmutter-Message: 12:47:02.718: KEYBINDINGS: Grabbing keybinding keycode 43 mask 0x40 on 0x400003
libmutter-Message: 12:47:02.718: KEYBINDINGS: Grabbing keybinding keycode 111 mask 0x40 on 0x400003
libmutter-Message: 12:47:02.718: KEYBINDINGS: Grabbing keybinding keycode 71 mask 0x8 on 0x400003
libmutter-Message: 12:47:02.719: KEYBINDINGS: Grabbing keybinding keycode 113 mask 0xd on 0x400003
libmutter-Message: 12:47:02.719: KEYBINDINGS: Grabbing keybinding keycode 74 mask 0x8 on 0x400003
libmutter-Message: 12:47:02.719: KEYBINDINGS: Grabbing keybinding keycode 114 mask 0xd on 0x400003
libmutter-Message: 12:47:02.719: KEYBINDINGS: Grabbing keybinding keycode 76 mask 0x8 on 0x400003
libmutter-Message: 12:47:02.719: KEYBINDINGS: Grabbing keybinding keycode 112 mask 0x41 on 0x400003
libmutter-Message: 12:47:02.719: KEYBINDINGS: Grabbing keybinding keycode 113 mask 0x41 on 0x400003
libmutter-Message: 12:47:02.719: KEYBINDINGS: Grabbing keybinding keycode 65 mask 0x8 on 0x400003

(gnome-shell:411): libmutter-WARNING **: 12:47:02.721: There is no colord server available
libmutter-Message: 12:47:02.722: WINDOW_STATE: Unqueuing move-resize for window '0x400003'
libmutter-Message: 12:47:02.722: KEYBINDINGS: Ungrabbing keybinding keycode 133 mask 0x0 on 0x21f
libmutter-Message: 12:47:02.722: KEYBINDINGS: Ungrabbing keybinding keycode 37 mask 0x0 on 0x21f
libmutter-Message: 12:47:02.722: KEYBINDINGS: Ungrabbing keybinding keycode 117 mask 0x40 on 0x21f
libmutter-Message: 12:47:02.722: KEYBINDINGS: Ungrabbing keybinding keycode 72 mask 0x9 on 0x21f
libmutter-Message: 12:47:02.722: KEYBINDINGS: Ungrabbing keybinding keycode 9 mask 0x9 on 0x21f
libmutter-Message: 12:47:02.722: KEYBINDINGS: Ungrabbing keybinding keycode 115 mask 0x40 on 0x21f
libmutter-Message: 12:47:02.722: KEYBINDINGS: Ungrabbing keybinding keycode 161 mask 0x0 on 0x21f
libmutter-Message: 12:47:02.722: KEYBINDINGS: Ungrabbing keybinding keycode 9 mask 0xd on 0x21f
libmutter-Message: 12:47:02.722: KEYBINDINGS: Ungrabbing keybinding keycode 114 mask 0x48 on 0x21f
libmutter-Message: 12:47:02.722: KEYBINDINGS: Ungrabbing keybinding keycode 9 mask 0x8 on 0x21f
libmutter-Message: 12:47:02.723: KEYBINDINGS: Ungrabbing keybinding keycode 68 mask 0x8 on 0x21f
libmutter-Message: 12:47:02.723: KEYBINDINGS: Ungrabbing keybinding keycode 49 mask 0x41 on 0x21f
libmutter-Message: 12:47:02.723: KEYBINDINGS: Ungrabbing keybinding keycode 23 mask 0x9 on 0x21f
libmutter-Message: 12:47:02.723: KEYBINDINGS: Ungrabbing keybinding keycode 23 mask 0xd on 0x21f
libmutter-Message: 12:47:02.723: KEYBINDINGS: Ungrabbing keybinding keycode 112 mask 0x40 on 0x21f
libmutter-Message: 12:47:02.723: KEYBINDINGS: Ungrabbing keybinding keycode 114 mask 0xc on 0x21f
libmutter-Message: 12:47:02.723: KEYBINDINGS: Ungrabbing keybinding keycode 9 mask 0x41 on 0x21f
libmutter-Message: 12:47:02.723: KEYBINDINGS: Ungrabbing keybinding keycode 113 mask 0xc on 0x21f
libmutter-Message: 12:47:02.723: KEYBINDINGS: Ungrabbing keybinding keycode 235 mask 0x0 on 0x21f
libmutter-Message: 12:47:02.723: KEYBINDINGS: Ungrabbing keybinding keycode 116 mask 0xc on 0x21f
libmutter-Message: 12:47:02.723: KEYBINDINGS: Ungrabbing keybinding keycode 23 mask 0x40 on 0x21f
libmutter-Message: 12:47:02.723: KEYBINDINGS: Ungrabbing keybinding keycode 9 mask 0xc on 0x21f
libmutter-Message: 12:47:02.723: KEYBINDINGS: Ungrabbing keybinding keycode 40 mask 0x40 on 0x21f
libmutter-Message: 12:47:02.724: KEYBINDINGS: Ungrabbing keybinding keycode 49 mask 0x9 on 0x21f
libmutter-Message: 12:47:02.724: KEYBINDINGS: Ungrabbing keybinding keycode 49 mask 0x40 on 0x21f
libmutter-Message: 12:47:02.724: KEYBINDINGS: Ungrabbing keybinding keycode 110 mask 0x40 on 0x21f
libmutter-Message: 12:47:02.724: KEYBINDINGS: Ungrabbing keybinding keycode 49 mask 0x8 on 0x21f
libmutter-Message: 12:47:02.724: KEYBINDINGS: Ungrabbing keybinding keycode 23 mask 0x41 on 0x21f
libmutter-Message: 12:47:02.724: KEYBINDINGS: Ungrabbing keybinding keycode 23 mask 0x8 on 0x21f
libmutter-Message: 12:47:02.724: KEYBINDINGS: Ungrabbing keybinding keycode 72 mask 0x8 on 0x21f
libmutter-Message: 12:47:02.724: KEYBINDINGS: Ungrabbing keybinding keycode 111 mask 0xc on 0x21f
libmutter-Message: 12:47:02.724: KEYBINDINGS: Ungrabbing keybinding keycode 113 mask 0x48 on 0x21f
libmutter-Message: 12:47:02.724: KEYBINDINGS: Ungrabbing keybinding keycode 9 mask 0x40 on 0x21f
libmutter-Message: 12:47:02.724: KEYBINDINGS: Ungrabbing keybinding keycode 33 mask 0x40 on 0x21f
libmutter-Message: 12:47:02.724: KEYBINDINGS: Ungrabbing keybinding keycode 23 mask 0xc on 0x21f
libmutter-Message: 12:47:02.724: KEYBINDINGS: Ungrabbing keybinding keycode 113 mask 0x40 on 0x400003
libmutter-Message: 12:47:02.724: KEYBINDINGS: Ungrabbing keybinding keycode 111 mask 0x41 on 0x400003
libmutter-Message: 12:47:02.724: KEYBINDINGS: Ungrabbing keybinding keycode 114 mask 0x40 on 0x400003
libmutter-Message: 12:47:02.724: KEYBINDINGS: Ungrabbing keybinding keycode 117 mask 0x41 on 0x400003
libmutter-Message: 12:47:02.724: KEYBINDINGS: Ungrabbing keybinding keycode 73 mask 0x8 on 0x400003
libmutter-Message: 12:47:02.724: KEYBINDINGS: Ungrabbing keybinding keycode 116 mask 0x40 on 0x400003
libmutter-Message: 12:47:02.725: KEYBINDINGS: Ungrabbing keybinding keycode 113 mask 0x49 on 0x400003
libmutter-Message: 12:47:02.725: KEYBINDINGS: Ungrabbing keybinding keycode 110 mask 0x41 on 0x400003
libmutter-Message: 12:47:02.725: KEYBINDINGS: Ungrabbing keybinding keycode 115 mask 0x41 on 0x400003
libmutter-Message: 12:47:02.725: KEYBINDINGS: Ungrabbing keybinding keycode 114 mask 0x41 on 0x400003
libmutter-Message: 12:47:02.725: KEYBINDINGS: Ungrabbing keybinding keycode 70 mask 0x8 on 0x400003
libmutter-Message: 12:47:02.725: KEYBINDINGS: Ungrabbing keybinding keycode 114 mask 0x49 on 0x400003
libmutter-Message: 12:47:02.725: KEYBINDINGS: Ungrabbing keybinding keycode 116 mask 0xd on 0x400003
libmutter-Message: 12:47:02.725: KEYBINDINGS: Ungrabbing keybinding keycode 116 mask 0x41 on 0x400003
libmutter-Message: 12:47:02.725: KEYBINDINGS: Ungrabbing keybinding keycode 111 mask 0xd on 0x400003
libmutter-Message: 12:47:02.725: KEYBINDINGS: Ungrabbing keybinding keycode 43 mask 0x40 on 0x400003
libmutter-Message: 12:47:02.725: KEYBINDINGS: Ungrabbing keybinding keycode 111 mask 0x40 on 0x400003
libmutter-Message: 12:47:02.725: KEYBINDINGS: Ungrabbing keybinding keycode 71 mask 0x8 on 0x400003
libmutter-Message: 12:47:02.725: KEYBINDINGS: Ungrabbing keybinding keycode 113 mask 0xd on 0x400003
libmutter-Message: 12:47:02.725: KEYBINDINGS: Ungrabbing keybinding keycode 74 mask 0x8 on 0x400003
libmutter-Message: 12:47:02.725: KEYBINDINGS: Ungrabbing keybinding keycode 114 mask 0xd on 0x400003
libmutter-Message: 12:47:02.725: KEYBINDINGS: Ungrabbing keybinding keycode 76 mask 0x8 on 0x400003
libmutter-Message: 12:47:02.725: KEYBINDINGS: Ungrabbing keybinding keycode 112 mask 0x41 on 0x400003
libmutter-Message: 12:47:02.725: KEYBINDINGS: Ungrabbing keybinding keycode 113 mask 0x41 on 0x400003
libmutter-Message: 12:47:02.726: KEYBINDINGS: Ungrabbing keybinding keycode 65 mask 0x8 on 0x400003
libmutter-Message: 12:47:02.726: KEYBINDINGS: Rebuilding key binding table from preferences
libmutter-Message: 12:47:02.726: KEYBINDINGS:  60 bindings in table
libmutter-Message: 12:47:02.726: KEYBINDINGS: Grabbing keybinding keycode 133 mask 0x0 on 0x21f
libmutter-Message: 12:47:02.726: KEYBINDINGS: Ungrabbing keybinding keycode 37 mask 0x0 on 0x21f
libmutter-Message: 12:47:02.726: KEYBINDINGS: Grabbing keybinding keycode 23 mask 0xc on 0x21f
libmutter-Message: 12:47:02.726: KEYBINDINGS: Grabbing keybinding keycode 49 mask 0x40 on 0x21f
libmutter-Message: 12:47:02.726: KEYBINDINGS: Grabbing keybinding keycode 9 mask 0xc on 0x21f
libmutter-Message: 12:47:02.726: KEYBINDINGS: Grabbing keybinding keycode 9 mask 0x8 on 0x21f
libmutter-Message: 12:47:02.726: KEYBINDINGS: Grabbing keybinding keycode 72 mask 0x9 on 0x21f
libmutter-Message: 12:47:02.726: KEYBINDINGS: Grabbing keybinding keycode 9 mask 0x9 on 0x21f
libmutter-Message: 12:47:02.726: KEYBINDINGS: Grabbing keybinding keycode 9 mask 0x41 on 0x21f
libmutter-Message: 12:47:02.727: KEYBINDINGS: Grabbing keybinding keycode 68 mask 0x8 on 0x21f
libmutter-Message: 12:47:02.727: KEYBINDINGS: Grabbing keybinding keycode 110 mask 0x40 on 0x21f
libmutter-Message: 12:47:02.727: KEYBINDINGS: Grabbing keybinding keycode 112 mask 0x40 on 0x21f
libmutter-Message: 12:47:02.727: KEYBINDINGS: Grabbing keybinding keycode 23 mask 0xd on 0x21f
libmutter-Message: 12:47:02.727: KEYBINDINGS: Grabbing keybinding keycode 23 mask 0x8 on 0x21f
libmutter-Message: 12:47:02.727: KEYBINDINGS: Grabbing keybinding keycode 23 mask 0x40 on 0x21f
libmutter-Message: 12:47:02.727: KEYBINDINGS: Grabbing keybinding keycode 115 mask 0x40 on 0x21f
libmutter-Message: 12:47:02.728: KEYBINDINGS: Grabbing keybinding keycode 111 mask 0xc on 0x21f
libmutter-Message: 12:47:02.728: KEYBINDINGS: Grabbing keybinding keycode 40 mask 0x40 on 0x21f
libmutter-Message: 12:47:02.728: KEYBINDINGS: Grabbing keybinding keycode 114 mask 0xc on 0x21f
libmutter-Message: 12:47:02.728: KEYBINDINGS: Grabbing keybinding keycode 114 mask 0x48 on 0x21f
libmutter-Message: 12:47:02.728: KEYBINDINGS: Grabbing keybinding keycode 117 mask 0x40 on 0x21f
libmutter-Message: 12:47:02.728: KEYBINDINGS: Grabbing keybinding keycode 113 mask 0xc on 0x21f
libmutter-Message: 12:47:02.728: KEYBINDINGS: Grabbing keybinding keycode 113 mask 0x48 on 0x21f
libmutter-Message: 12:47:02.729: KEYBINDINGS: Grabbing keybinding keycode 116 mask 0xc on 0x21f
libmutter-Message: 12:47:02.729: KEYBINDINGS: Grabbing keybinding keycode 49 mask 0x8 on 0x21f
libmutter-Message: 12:47:02.729: KEYBINDINGS: Grabbing keybinding keycode 9 mask 0xd on 0x21f
libmutter-Message: 12:47:02.729: KEYBINDINGS: Grabbing keybinding keycode 23 mask 0x41 on 0x21f
libmutter-Message: 12:47:02.729: KEYBINDINGS: Grabbing keybinding keycode 235 mask 0x0 on 0x21f
libmutter-Message: 12:47:02.729: KEYBINDINGS: Grabbing keybinding keycode 33 mask 0x40 on 0x21f
libmutter-Message: 12:47:02.729: KEYBINDINGS: Grabbing keybinding keycode 161 mask 0x0 on 0x21f
libmutter-Message: 12:47:02.729: KEYBINDINGS: Grabbing keybinding keycode 72 mask 0x8 on 0x21f
libmutter-Message: 12:47:02.730: KEYBINDINGS: Grabbing keybinding keycode 23 mask 0x9 on 0x21f
libmutter-Message: 12:47:02.730: KEYBINDINGS: Grabbing keybinding keycode 9 mask 0x40 on 0x21f
libmutter-Message: 12:47:02.730: KEYBINDINGS: Grabbing keybinding keycode 49 mask 0x9 on 0x21f
libmutter-Message: 12:47:02.730: KEYBINDINGS: Grabbing keybinding keycode 49 mask 0x41 on 0x21f
libmutter-Message: 12:47:02.730: KEYBINDINGS: Grabbing keybinding keycode 70 mask 0x8 on 0x400003
libmutter-Message: 12:47:02.730: KEYBINDINGS: Grabbing keybinding keycode 76 mask 0x8 on 0x400003
libmutter-Message: 12:47:02.730: KEYBINDINGS: Grabbing keybinding keycode 74 mask 0x8 on 0x400003
libmutter-Message: 12:47:02.731: KEYBINDINGS: Grabbing keybinding keycode 73 mask 0x8 on 0x400003
libmutter-Message: 12:47:02.731: KEYBINDINGS: Grabbing keybinding keycode 114 mask 0xd on 0x400003
libmutter-Message: 12:47:02.731: KEYBINDINGS: Grabbing keybinding keycode 117 mask 0x41 on 0x400003
libmutter-Message: 12:47:02.731: KEYBINDINGS: Grabbing keybinding keycode 114 mask 0x49 on 0x400003
libmutter-Message: 12:47:02.731: KEYBINDINGS: Grabbing keybinding keycode 113 mask 0x49 on 0x400003
libmutter-Message: 12:47:02.731: KEYBINDINGS: Grabbing keybinding keycode 112 mask 0x41 on 0x400003
libmutter-Message: 12:47:02.731: KEYBINDINGS: Grabbing keybinding keycode 113 mask 0xd on 0x400003
libmutter-Message: 12:47:02.731: KEYBINDINGS: Grabbing keybinding keycode 71 mask 0x8 on 0x400003
libmutter-Message: 12:47:02.731: KEYBINDINGS: Grabbing keybinding keycode 111 mask 0x40 on 0x400003
libmutter-Message: 12:47:02.732: KEYBINDINGS: Grabbing keybinding keycode 43 mask 0x40 on 0x400003
libmutter-Message: 12:47:02.732: KEYBINDINGS: Grabbing keybinding keycode 65 mask 0x8 on 0x400003
libmutter-Message: 12:47:02.732: KEYBINDINGS: Grabbing keybinding keycode 111 mask 0x41 on 0x400003
libmutter-Message: 12:47:02.732: KEYBINDINGS: Grabbing keybinding keycode 114 mask 0x40 on 0x400003
libmutter-Message: 12:47:02.732: KEYBINDINGS: Grabbing keybinding keycode 114 mask 0x41 on 0x400003
libmutter-Message: 12:47:02.732: KEYBINDINGS: Grabbing keybinding keycode 116 mask 0x40 on 0x400003
libmutter-Message: 12:47:02.732: KEYBINDINGS: Grabbing keybinding keycode 110 mask 0x41 on 0x400003
libmutter-Message: 12:47:02.732: KEYBINDINGS: Grabbing keybinding keycode 113 mask 0x40 on 0x400003
libmutter-Message: 12:47:02.733: KEYBINDINGS: Grabbing keybinding keycode 113 mask 0x41 on 0x400003
libmutter-Message: 12:47:02.733: KEYBINDINGS: Grabbing keybinding keycode 116 mask 0xd on 0x400003
libmutter-Message: 12:47:02.733: KEYBINDINGS: Grabbing keybinding keycode 116 mask 0x41 on 0x400003
libmutter-Message: 12:47:02.733: KEYBINDINGS: Grabbing keybinding keycode 111 mask 0xd on 0x400003
libmutter-Message: 12:47:02.734: KEYBINDINGS: Grabbing keybinding keycode 115 mask 0x41 on 0x400003
libmutter-Message: 12:47:02.893: KEYBINDINGS: Binding "toggle-message-tray" has new GSettings value
libmutter-Message: 12:47:02.893: KEYBINDINGS: Binding "toggle-quick-settings" has new GSettings value
libmutter-Message: 12:47:02.893: KEYBINDINGS: Binding "switch-to-application-1" has new GSettings value
libmutter-Message: 12:47:02.893: KEYBINDINGS: Binding "switch-to-application-2" has new GSettings value
libmutter-Message: 12:47:02.893: KEYBINDINGS: Binding "switch-to-application-3" has new GSettings value
libmutter-Message: 12:47:02.893: KEYBINDINGS: Binding "switch-to-application-4" has new GSettings value
libmutter-Message: 12:47:02.894: KEYBINDINGS: Binding "switch-to-application-5" has new GSettings value
libmutter-Message: 12:47:02.894: KEYBINDINGS: Binding "switch-to-application-6" has new GSettings value
libmutter-Message: 12:47:02.894: KEYBINDINGS: Binding "switch-to-application-7" has new GSettings value
libmutter-Message: 12:47:02.894: KEYBINDINGS: Binding "switch-to-application-8" has new GSettings value
libmutter-Message: 12:47:02.894: KEYBINDINGS: Binding "switch-to-application-9" has new GSettings value
libmutter-Message: 12:47:02.894: KEYBINDINGS: Binding "open-new-window-application-1" has new GSettings value
libmutter-Message: 12:47:02.894: KEYBINDINGS: Binding "open-new-window-application-2" has new GSettings value
libmutter-Message: 12:47:02.894: KEYBINDINGS: Binding "open-new-window-application-3" has new GSettings value
libmutter-Message: 12:47:02.894: KEYBINDINGS: Binding "open-new-window-application-4" has new GSettings value
libmutter-Message: 12:47:02.894: KEYBINDINGS: Binding "open-new-window-application-5" has new GSettings value
libmutter-Message: 12:47:02.894: KEYBINDINGS: Binding "open-new-window-application-6" has new GSettings value
libmutter-Message: 12:47:02.894: KEYBINDINGS: Binding "open-new-window-application-7" has new GSettings value
libmutter-Message: 12:47:02.894: KEYBINDINGS: Binding "open-new-window-application-8" has new GSettings value
libmutter-Message: 12:47:02.894: KEYBINDINGS: Binding "open-new-window-application-9" has new GSettings value
libmutter-Message: 12:47:02.897: KEYBINDINGS: Binding "switch-input-source" has new GSettings value
libmutter-Message: 12:47:02.897: KEYBINDINGS: Binding "switch-input-source-backward" has new GSettings value
libmutter-Message: 12:47:02.917: KEYBINDINGS: Binding "show-screenshot-ui" has new GSettings value
libmutter-Message: 12:47:02.917: KEYBINDINGS: Binding "show-screen-recording-ui" has new GSettings value
libmutter-Message: 12:47:02.917: KEYBINDINGS: Binding "screenshot-window" has new GSettings value
libmutter-Message: 12:47:02.917: KEYBINDINGS: Binding "screenshot" has new GSettings value
libmutter-Message: 12:47:02.918: KEYBINDINGS: Binding "focus-active-notification" has new GSettings value
libmutter-Message: 12:47:03.005: KEYBINDINGS: Binding "toggle-application-view" has new GSettings value
libmutter-Message: 12:47:03.005: KEYBINDINGS: Binding "shift-overview-up" has new GSettings value
libmutter-Message: 12:47:03.005: KEYBINDINGS: Binding "shift-overview-down" has new GSettings value
libmutter-Message: 12:47:03.005: KEYBINDINGS: Binding "toggle-overview" has new GSettings value
libmutter-Message: 12:47:03.010: KEYBINDINGS: Ungrabbing keybinding keycode 133 mask 0x0 on 0x21f
libmutter-Message: 12:47:03.010: KEYBINDINGS: Ungrabbing keybinding keycode 37 mask 0x0 on 0x21f
libmutter-Message: 12:47:03.010: KEYBINDINGS: Ungrabbing keybinding keycode 23 mask 0xc on 0x21f
libmutter-Message: 12:47:03.010: KEYBINDINGS: Ungrabbing keybinding keycode 49 mask 0x40 on 0x21f
libmutter-Message: 12:47:03.010: KEYBINDINGS: Ungrabbing keybinding keycode 9 mask 0xc on 0x21f
libmutter-Message: 12:47:03.011: KEYBINDINGS: Ungrabbing keybinding keycode 9 mask 0x8 on 0x21f
libmutter-Message: 12:47:03.011: KEYBINDINGS: Ungrabbing keybinding keycode 72 mask 0x9 on 0x21f
libmutter-Message: 12:47:03.011: KEYBINDINGS: Ungrabbing keybinding keycode 9 mask 0x9 on 0x21f
libmutter-Message: 12:47:03.011: KEYBINDINGS: Ungrabbing keybinding keycode 9 mask 0x41 on 0x21f
libmutter-Message: 12:47:03.011: KEYBINDINGS: Ungrabbing keybinding keycode 68 mask 0x8 on 0x21f
libmutter-Message: 12:47:03.011: KEYBINDINGS: Ungrabbing keybinding keycode 110 mask 0x40 on 0x21f
libmutter-Message: 12:47:03.011: KEYBINDINGS: Ungrabbing keybinding keycode 112 mask 0x40 on 0x21f
libmutter-Message: 12:47:03.011: KEYBINDINGS: Ungrabbing keybinding keycode 23 mask 0xd on 0x21f
libmutter-Message: 12:47:03.011: KEYBINDINGS: Ungrabbing keybinding keycode 23 mask 0x8 on 0x21f
libmutter-Message: 12:47:03.011: KEYBINDINGS: Ungrabbing keybinding keycode 23 mask 0x40 on 0x21f
libmutter-Message: 12:47:03.011: KEYBINDINGS: Ungrabbing keybinding keycode 115 mask 0x40 on 0x21f
libmutter-Message: 12:47:03.012: KEYBINDINGS: Ungrabbing keybinding keycode 111 mask 0xc on 0x21f
libmutter-Message: 12:47:03.012: KEYBINDINGS: Ungrabbing keybinding keycode 40 mask 0x40 on 0x21f
libmutter-Message: 12:47:03.012: KEYBINDINGS: Ungrabbing keybinding keycode 114 mask 0xc on 0x21f
libmutter-Message: 12:47:03.012: KEYBINDINGS: Ungrabbing keybinding keycode 114 mask 0x48 on 0x21f
libmutter-Message: 12:47:03.012: KEYBINDINGS: Ungrabbing keybinding keycode 117 mask 0x40 on 0x21f
libmutter-Message: 12:47:03.012: KEYBINDINGS: Ungrabbing keybinding keycode 113 mask 0xc on 0x21f
libmutter-Message: 12:47:03.012: KEYBINDINGS: Ungrabbing keybinding keycode 113 mask 0x48 on 0x21f
libmutter-Message: 12:47:03.012: KEYBINDINGS: Ungrabbing keybinding keycode 116 mask 0xc on 0x21f
libmutter-Message: 12:47:03.012: KEYBINDINGS: Ungrabbing keybinding keycode 49 mask 0x8 on 0x21f
libmutter-Message: 12:47:03.012: KEYBINDINGS: Ungrabbing keybinding keycode 9 mask 0xd on 0x21f
libmutter-Message: 12:47:03.012: KEYBINDINGS: Ungrabbing keybinding keycode 23 mask 0x41 on 0x21f
libmutter-Message: 12:47:03.012: KEYBINDINGS: Ungrabbing keybinding keycode 235 mask 0x0 on 0x21f
libmutter-Message: 12:47:03.012: KEYBINDINGS: Ungrabbing keybinding keycode 33 mask 0x40 on 0x21f
libmutter-Message: 12:47:03.012: KEYBINDINGS: Ungrabbing keybinding keycode 161 mask 0x0 on 0x21f
libmutter-Message: 12:47:03.012: KEYBINDINGS: Ungrabbing keybinding keycode 72 mask 0x8 on 0x21f
libmutter-Message: 12:47:03.012: KEYBINDINGS: Ungrabbing keybinding keycode 23 mask 0x9 on 0x21f
libmutter-Message: 12:47:03.012: KEYBINDINGS: Ungrabbing keybinding keycode 9 mask 0x40 on 0x21f
libmutter-Message: 12:47:03.012: KEYBINDINGS: Ungrabbing keybinding keycode 49 mask 0x9 on 0x21f
libmutter-Message: 12:47:03.012: KEYBINDINGS: Ungrabbing keybinding keycode 49 mask 0x41 on 0x21f
libmutter-Message: 12:47:03.013: KEYBINDINGS: Ungrabbing keybinding keycode 70 mask 0x8 on 0x400003
libmutter-Message: 12:47:03.013: KEYBINDINGS: Ungrabbing keybinding keycode 76 mask 0x8 on 0x400003
libmutter-Message: 12:47:03.013: KEYBINDINGS: Ungrabbing keybinding keycode 74 mask 0x8 on 0x400003
libmutter-Message: 12:47:03.013: KEYBINDINGS: Ungrabbing keybinding keycode 73 mask 0x8 on 0x400003
libmutter-Message: 12:47:03.013: KEYBINDINGS: Ungrabbing keybinding keycode 114 mask 0xd on 0x400003
libmutter-Message: 12:47:03.013: KEYBINDINGS: Ungrabbing keybinding keycode 117 mask 0x41 on 0x400003
libmutter-Message: 12:47:03.013: KEYBINDINGS: Ungrabbing keybinding keycode 114 mask 0x49 on 0x400003
libmutter-Message: 12:47:03.013: KEYBINDINGS: Ungrabbing keybinding keycode 113 mask 0x49 on 0x400003
libmutter-Message: 12:47:03.013: KEYBINDINGS: Ungrabbing keybinding keycode 112 mask 0x41 on 0x400003
libmutter-Message: 12:47:03.013: KEYBINDINGS: Ungrabbing keybinding keycode 113 mask 0xd on 0x400003
libmutter-Message: 12:47:03.013: KEYBINDINGS: Ungrabbing keybinding keycode 71 mask 0x8 on 0x400003
libmutter-Message: 12:47:03.013: KEYBINDINGS: Ungrabbing keybinding keycode 111 mask 0x40 on 0x400003
libmutter-Message: 12:47:03.013: KEYBINDINGS: Ungrabbing keybinding keycode 43 mask 0x40 on 0x400003
libmutter-Message: 12:47:03.013: KEYBINDINGS: Ungrabbing keybinding keycode 65 mask 0x8 on 0x400003
libmutter-Message: 12:47:03.013: KEYBINDINGS: Ungrabbing keybinding keycode 111 mask 0x41 on 0x400003
libmutter-Message: 12:47:03.013: KEYBINDINGS: Ungrabbing keybinding keycode 114 mask 0x40 on 0x400003
libmutter-Message: 12:47:03.014: KEYBINDINGS: Ungrabbing keybinding keycode 114 mask 0x41 on 0x400003
libmutter-Message: 12:47:03.014: KEYBINDINGS: Ungrabbing keybinding keycode 116 mask 0x40 on 0x400003
libmutter-Message: 12:47:03.014: KEYBINDINGS: Ungrabbing keybinding keycode 110 mask 0x41 on 0x400003
libmutter-Message: 12:47:03.014: KEYBINDINGS: Ungrabbing keybinding keycode 113 mask 0x40 on 0x400003
libmutter-Message: 12:47:03.014: KEYBINDINGS: Ungrabbing keybinding keycode 113 mask 0x41 on 0x400003
libmutter-Message: 12:47:03.014: KEYBINDINGS: Ungrabbing keybinding keycode 116 mask 0xd on 0x400003
libmutter-Message: 12:47:03.014: KEYBINDINGS: Ungrabbing keybinding keycode 116 mask 0x41 on 0x400003
libmutter-Message: 12:47:03.014: KEYBINDINGS: Ungrabbing keybinding keycode 111 mask 0xd on 0x400003
libmutter-Message: 12:47:03.014: KEYBINDINGS: Ungrabbing keybinding keycode 115 mask 0x41 on 0x400003
libmutter-Message: 12:47:03.014: KEYBINDINGS: Ignoring modmask 0x12 scroll lock 0x0 hyper 0x40 super 0x40 meta 0x8
libmutter-Message: 12:47:03.014: KEYBINDINGS: Grabbing keybinding keycode 133 mask 0x0 on 0x21f
libmutter-Message: 12:47:03.014: KEYBINDINGS: Ungrabbing keybinding keycode 37 mask 0x0 on 0x21f
libmutter-Message: 12:47:03.014: KEYBINDINGS: Grabbing keybinding keycode 23 mask 0xc on 0x21f
libmutter-Message: 12:47:03.015: KEYBINDINGS: Grabbing keybinding keycode 49 mask 0x40 on 0x21f
libmutter-Message: 12:47:03.015: KEYBINDINGS: Grabbing keybinding keycode 9 mask 0xc on 0x21f
libmutter-Message: 12:47:03.015: KEYBINDINGS: Grabbing keybinding keycode 9 mask 0x8 on 0x21f
libmutter-Message: 12:47:03.015: KEYBINDINGS: Grabbing keybinding keycode 72 mask 0x9 on 0x21f
libmutter-Message: 12:47:03.015: KEYBINDINGS: Grabbing keybinding keycode 9 mask 0x9 on 0x21f
libmutter-Message: 12:47:03.015: KEYBINDINGS: Grabbing keybinding keycode 9 mask 0x41 on 0x21f
libmutter-Message: 12:47:03.015: KEYBINDINGS: Grabbing keybinding keycode 68 mask 0x8 on 0x21f
libmutter-Message: 12:47:03.015: KEYBINDINGS: Grabbing keybinding keycode 110 mask 0x40 on 0x21f
libmutter-Message: 12:47:03.015: KEYBINDINGS: Grabbing keybinding keycode 112 mask 0x40 on 0x21f
libmutter-Message: 12:47:03.015: KEYBINDINGS: Grabbing keybinding keycode 23 mask 0xd on 0x21f
libmutter-Message: 12:47:03.015: KEYBINDINGS: Grabbing keybinding keycode 23 mask 0x8 on 0x21f
libmutter-Message: 12:47:03.015: KEYBINDINGS: Grabbing keybinding keycode 23 mask 0x40 on 0x21f
libmutter-Message: 12:47:03.016: KEYBINDINGS: Grabbing keybinding keycode 115 mask 0x40 on 0x21f
libmutter-Message: 12:47:03.016: KEYBINDINGS: Grabbing keybinding keycode 111 mask 0xc on 0x21f
libmutter-Message: 12:47:03.016: KEYBINDINGS: Grabbing keybinding keycode 40 mask 0x40 on 0x21f
libmutter-Message: 12:47:03.016: KEYBINDINGS: Grabbing keybinding keycode 114 mask 0xc on 0x21f
libmutter-Message: 12:47:03.016: KEYBINDINGS: Grabbing keybinding keycode 114 mask 0x48 on 0x21f
libmutter-Message: 12:47:03.016: KEYBINDINGS: Grabbing keybinding keycode 117 mask 0x40 on 0x21f
libmutter-Message: 12:47:03.016: KEYBINDINGS: Grabbing keybinding keycode 113 mask 0xc on 0x21f
libmutter-Message: 12:47:03.016: KEYBINDINGS: Grabbing keybinding keycode 113 mask 0x48 on 0x21f
libmutter-Message: 12:47:03.017: KEYBINDINGS: Grabbing keybinding keycode 116 mask 0xc on 0x21f
libmutter-Message: 12:47:03.017: KEYBINDINGS: Grabbing keybinding keycode 49 mask 0x8 on 0x21f
libmutter-Message: 12:47:03.017: KEYBINDINGS: Grabbing keybinding keycode 9 mask 0xd on 0x21f
libmutter-Message: 12:47:03.017: KEYBINDINGS: Grabbing keybinding keycode 23 mask 0x41 on 0x21f
libmutter-Message: 12:47:03.017: KEYBINDINGS: Grabbing keybinding keycode 235 mask 0x0 on 0x21f
libmutter-Message: 12:47:03.017: KEYBINDINGS: Grabbing keybinding keycode 33 mask 0x40 on 0x21f
libmutter-Message: 12:47:03.017: KEYBINDINGS: Grabbing keybinding keycode 161 mask 0x0 on 0x21f
libmutter-Message: 12:47:03.018: KEYBINDINGS: Grabbing keybinding keycode 72 mask 0x8 on 0x21f
libmutter-Message: 12:47:03.018: KEYBINDINGS: Grabbing keybinding keycode 23 mask 0x9 on 0x21f
libmutter-Message: 12:47:03.018: KEYBINDINGS: Grabbing keybinding keycode 9 mask 0x40 on 0x21f
libmutter-Message: 12:47:03.018: KEYBINDINGS: Grabbing keybinding keycode 49 mask 0x9 on 0x21f
libmutter-Message: 12:47:03.018: KEYBINDINGS: Grabbing keybinding keycode 49 mask 0x41 on 0x21f
libmutter-Message: 12:47:03.018: KEYBINDINGS: Grabbing keybinding keycode 70 mask 0x8 on 0x400003
libmutter-Message: 12:47:03.018: KEYBINDINGS: Grabbing keybinding keycode 76 mask 0x8 on 0x400003
libmutter-Message: 12:47:03.018: KEYBINDINGS: Grabbing keybinding keycode 74 mask 0x8 on 0x400003
libmutter-Message: 12:47:03.019: KEYBINDINGS: Grabbing keybinding keycode 73 mask 0x8 on 0x400003
libmutter-Message: 12:47:03.019: KEYBINDINGS: Grabbing keybinding keycode 114 mask 0xd on 0x400003
libmutter-Message: 12:47:03.019: KEYBINDINGS: Grabbing keybinding keycode 117 mask 0x41 on 0x400003
libmutter-Message: 12:47:03.019: KEYBINDINGS: Grabbing keybinding keycode 114 mask 0x49 on 0x400003
libmutter-Message: 12:47:03.019: KEYBINDINGS: Grabbing keybinding keycode 113 mask 0x49 on 0x400003
libmutter-Message: 12:47:03.019: KEYBINDINGS: Grabbing keybinding keycode 112 mask 0x41 on 0x400003
libmutter-Message: 12:47:03.019: KEYBINDINGS: Grabbing keybinding keycode 113 mask 0xd on 0x400003
libmutter-Message: 12:47:03.019: KEYBINDINGS: Grabbing keybinding keycode 71 mask 0x8 on 0x400003
libmutter-Message: 12:47:03.019: KEYBINDINGS: Grabbing keybinding keycode 111 mask 0x40 on 0x400003
libmutter-Message: 12:47:03.019: KEYBINDINGS: Grabbing keybinding keycode 43 mask 0x40 on 0x400003
libmutter-Message: 12:47:03.019: KEYBINDINGS: Grabbing keybinding keycode 65 mask 0x8 on 0x400003
libmutter-Message: 12:47:03.019: KEYBINDINGS: Grabbing keybinding keycode 111 mask 0x41 on 0x400003
libmutter-Message: 12:47:03.020: KEYBINDINGS: Grabbing keybinding keycode 114 mask 0x40 on 0x400003
libmutter-Message: 12:47:03.020: KEYBINDINGS: Grabbing keybinding keycode 114 mask 0x41 on 0x400003
libmutter-Message: 12:47:03.020: KEYBINDINGS: Grabbing keybinding keycode 116 mask 0x40 on 0x400003
libmutter-Message: 12:47:03.020: KEYBINDINGS: Grabbing keybinding keycode 110 mask 0x41 on 0x400003
libmutter-Message: 12:47:03.020: KEYBINDINGS: Grabbing keybinding keycode 113 mask 0x40 on 0x400003
libmutter-Message: 12:47:03.020: KEYBINDINGS: Grabbing keybinding keycode 113 mask 0x41 on 0x400003
libmutter-Message: 12:47:03.020: KEYBINDINGS: Grabbing keybinding keycode 116 mask 0xd on 0x400003
libmutter-Message: 12:47:03.020: KEYBINDINGS: Grabbing keybinding keycode 116 mask 0x41 on 0x400003
libmutter-Message: 12:47:03.020: KEYBINDINGS: Grabbing keybinding keycode 111 mask 0xd on 0x400003
libmutter-Message: 12:47:03.021: KEYBINDINGS: Grabbing keybinding keycode 115 mask 0x41 on 0x400003
GNOME Shell-Message: 12:47:03.026: Failed to launch ibus-daemon: Failed to execute child process “ibus-daemon” (No such file or directory)

(gnome-shell:411): GNOME Shell-CRITICAL **: 12:47:03.034: Gio.DBusError: GDBus.Error:org.freedesktop.DBus.Error.ServiceUnknown: The name org.gnome.Shell.CalendarServer was not provided by any .service files

Stack trace:
  asyncCallback@resource:///org/gnome/gjs/modules/core/overrides/Gio.js:114:23
  @resource:///org/gnome/shell/ui/init.js:21:20
  

(gnome-shell:411): GNOME Shell-CRITICAL **: 12:47:03.034: Gio.DBusError: GDBus.Error:org.freedesktop.DBus.Error.ServiceUnknown: The name org.gnome.Shell.CalendarServer was not provided by any .service files

Stack trace:
  asyncCallback@resource:///org/gnome/gjs/modules/core/overrides/Gio.js:114:23
  @resource:///org/gnome/shell/ui/init.js:21:20
  
GNOME Shell-Message: 12:47:03.040: Failed to register AuthenticationAgent

(gnome-shell:411): accountsservice-WARNING **: 12:47:03.068: ActUserManager: user (null) has no username (uid: -1)
GNOME Shell-Message: 12:47:03.068: No permission to control network connections: Gio.DBusError: GDBus.Error:org.freedesktop.DBus.Error.ServiceUnknown: The name org.freedesktop.PolicyKit1 was not provided by any .service files

(gnome-shell:411): GNOME Shell-WARNING **: 12:47:03.073: Missing required core component Settings, expect trouble…
[E] pw.loop [loop.c:67 pw_loop_new()] 0x5a633124b4a0: can't make support.system handle: No such file or directory
** Message: 12:47:03.075: Failed to start camera monitor
GNOME Shell-Message: 12:47:03.099: Failed to get PolKit permission: Gio.DBusError: GDBus.Error:org.freedesktop.DBus.Error.ServiceUnknown: The name org.freedesktop.PolicyKit1 was not provided by any .service files
GNOME Shell-Message: 12:47:03.099: GDBus.Error:org.freedesktop.DBus.Error.ServiceUnknown: The name org.freedesktop.GeoClue2 was not provided by any .service files
libmutter-Message: 12:47:03.099: KEYBINDINGS: Ungrabbing keybinding keycode 133 mask 0x0 on 0x21f
libmutter-Message: 12:47:03.100: KEYBINDINGS: Ungrabbing keybinding keycode 37 mask 0x0 on 0x21f
libmutter-Message: 12:47:03.100: KEYBINDINGS: Ungrabbing keybinding keycode 23 mask 0xc on 0x21f
libmutter-Message: 12:47:03.100: KEYBINDINGS: Ungrabbing keybinding keycode 49 mask 0x40 on 0x21f
libmutter-Message: 12:47:03.100: KEYBINDINGS: Ungrabbing keybinding keycode 9 mask 0xc on 0x21f
libmutter-Message: 12:47:03.100: KEYBINDINGS: Ungrabbing keybinding keycode 9 mask 0x8 on 0x21f
libmutter-Message: 12:47:03.100: KEYBINDINGS: Ungrabbing keybinding keycode 72 mask 0x9 on 0x21f
libmutter-Message: 12:47:03.100: KEYBINDINGS: Ungrabbing keybinding keycode 9 mask 0x9 on 0x21f
libmutter-Message: 12:47:03.100: KEYBINDINGS: Ungrabbing keybinding keycode 9 mask 0x41 on 0x21f
libmutter-Message: 12:47:03.100: KEYBINDINGS: Ungrabbing keybinding keycode 68 mask 0x8 on 0x21f
libmutter-Message: 12:47:03.100: KEYBINDINGS: Ungrabbing keybinding keycode 110 mask 0x40 on 0x21f
libmutter-Message: 12:47:03.100: KEYBINDINGS: Ungrabbing keybinding keycode 112 mask 0x40 on 0x21f
libmutter-Message: 12:47:03.100: KEYBINDINGS: Ungrabbing keybinding keycode 23 mask 0xd on 0x21f
libmutter-Message: 12:47:03.100: KEYBINDINGS: Ungrabbing keybinding keycode 23 mask 0x8 on 0x21f
libmutter-Message: 12:47:03.101: KEYBINDINGS: Ungrabbing keybinding keycode 23 mask 0x40 on 0x21f
libmutter-Message: 12:47:03.101: KEYBINDINGS: Ungrabbing keybinding keycode 115 mask 0x40 on 0x21f
libmutter-Message: 12:47:03.101: KEYBINDINGS: Ungrabbing keybinding keycode 111 mask 0xc on 0x21f
libmutter-Message: 12:47:03.101: KEYBINDINGS: Ungrabbing keybinding keycode 40 mask 0x40 on 0x21f
libmutter-Message: 12:47:03.101: KEYBINDINGS: Ungrabbing keybinding keycode 114 mask 0xc on 0x21f
libmutter-Message: 12:47:03.101: KEYBINDINGS: Ungrabbing keybinding keycode 114 mask 0x48 on 0x21f
libmutter-Message: 12:47:03.101: KEYBINDINGS: Ungrabbing keybinding keycode 117 mask 0x40 on 0x21f
libmutter-Message: 12:47:03.101: KEYBINDINGS: Ungrabbing keybinding keycode 113 mask 0xc on 0x21f
libmutter-Message: 12:47:03.101: KEYBINDINGS: Ungrabbing keybinding keycode 113 mask 0x48 on 0x21f
libmutter-Message: 12:47:03.101: KEYBINDINGS: Ungrabbing keybinding keycode 116 mask 0xc on 0x21f
libmutter-Message: 12:47:03.101: KEYBINDINGS: Ungrabbing keybinding keycode 49 mask 0x8 on 0x21f
libmutter-Message: 12:47:03.101: KEYBINDINGS: Ungrabbing keybinding keycode 9 mask 0xd on 0x21f
libmutter-Message: 12:47:03.101: KEYBINDINGS: Ungrabbing keybinding keycode 23 mask 0x41 on 0x21f
libmutter-Message: 12:47:03.101: KEYBINDINGS: Ungrabbing keybinding keycode 235 mask 0x0 on 0x21f
libmutter-Message: 12:47:03.101: KEYBINDINGS: Ungrabbing keybinding keycode 33 mask 0x40 on 0x21f
libmutter-Message: 12:47:03.101: KEYBINDINGS: Ungrabbing keybinding keycode 161 mask 0x0 on 0x21f
libmutter-Message: 12:47:03.101: KEYBINDINGS: Ungrabbing keybinding keycode 72 mask 0x8 on 0x21f
libmutter-Message: 12:47:03.101: KEYBINDINGS: Ungrabbing keybinding keycode 23 mask 0x9 on 0x21f
libmutter-Message: 12:47:03.102: KEYBINDINGS: Ungrabbing keybinding keycode 9 mask 0x40 on 0x21f
libmutter-Message: 12:47:03.102: KEYBINDINGS: Ungrabbing keybinding keycode 49 mask 0x9 on 0x21f
libmutter-Message: 12:47:03.102: KEYBINDINGS: Ungrabbing keybinding keycode 49 mask 0x41 on 0x21f
libmutter-Message: 12:47:03.102: KEYBINDINGS: Ungrabbing keybinding keycode 70 mask 0x8 on 0x400003
libmutter-Message: 12:47:03.102: KEYBINDINGS: Ungrabbing keybinding keycode 76 mask 0x8 on 0x400003
libmutter-Message: 12:47:03.102: KEYBINDINGS: Ungrabbing keybinding keycode 74 mask 0x8 on 0x400003
libmutter-Message: 12:47:03.102: KEYBINDINGS: Ungrabbing keybinding keycode 73 mask 0x8 on 0x400003
libmutter-Message: 12:47:03.102: KEYBINDINGS: Ungrabbing keybinding keycode 114 mask 0xd on 0x400003
libmutter-Message: 12:47:03.102: KEYBINDINGS: Ungrabbing keybinding keycode 117 mask 0x41 on 0x400003
libmutter-Message: 12:47:03.102: KEYBINDINGS: Ungrabbing keybinding keycode 114 mask 0x49 on 0x400003
libmutter-Message: 12:47:03.102: KEYBINDINGS: Ungrabbing keybinding keycode 113 mask 0x49 on 0x400003
libmutter-Message: 12:47:03.102: KEYBINDINGS: Ungrabbing keybinding keycode 112 mask 0x41 on 0x400003
libmutter-Message: 12:47:03.102: KEYBINDINGS: Ungrabbing keybinding keycode 113 mask 0xd on 0x400003
libmutter-Message: 12:47:03.102: KEYBINDINGS: Ungrabbing keybinding keycode 71 mask 0x8 on 0x400003
libmutter-Message: 12:47:03.102: KEYBINDINGS: Ungrabbing keybinding keycode 111 mask 0x40 on 0x400003
libmutter-Message: 12:47:03.102: KEYBINDINGS: Ungrabbing keybinding keycode 43 mask 0x40 on 0x400003
libmutter-Message: 12:47:03.102: KEYBINDINGS: Ungrabbing keybinding keycode 65 mask 0x8 on 0x400003
libmutter-Message: 12:47:03.102: KEYBINDINGS: Ungrabbing keybinding keycode 111 mask 0x41 on 0x400003
libmutter-Message: 12:47:03.102: KEYBINDINGS: Ungrabbing keybinding keycode 114 mask 0x40 on 0x400003
libmutter-Message: 12:47:03.103: KEYBINDINGS: Ungrabbing keybinding keycode 114 mask 0x41 on 0x400003
libmutter-Message: 12:47:03.103: KEYBINDINGS: Ungrabbing keybinding keycode 116 mask 0x40 on 0x400003
libmutter-Message: 12:47:03.103: KEYBINDINGS: Ungrabbing keybinding keycode 110 mask 0x41 on 0x400003
libmutter-Message: 12:47:03.103: KEYBINDINGS: Ungrabbing keybinding keycode 113 mask 0x40 on 0x400003
libmutter-Message: 12:47:03.103: KEYBINDINGS: Ungrabbing keybinding keycode 113 mask 0x41 on 0x400003
libmutter-Message: 12:47:03.103: KEYBINDINGS: Ungrabbing keybinding keycode 116 mask 0xd on 0x400003
libmutter-Message: 12:47:03.103: KEYBINDINGS: Ungrabbing keybinding keycode 116 mask 0x41 on 0x400003
libmutter-Message: 12:47:03.103: KEYBINDINGS: Ungrabbing keybinding keycode 111 mask 0xd on 0x400003
libmutter-Message: 12:47:03.103: KEYBINDINGS: Ungrabbing keybinding keycode 115 mask 0x41 on 0x400003
libmutter-Message: 12:47:03.103: KEYBINDINGS: Rebuilding key binding table from preferences
libmutter-Message: 12:47:03.103: KEYBINDINGS:  93 bindings in table
libmutter-Message: 12:47:03.103: KEYBINDINGS: Grabbing keybinding keycode 133 mask 0x0 on 0x21f
libmutter-Message: 12:47:03.103: KEYBINDINGS: Ungrabbing keybinding keycode 37 mask 0x0 on 0x21f
libmutter-Message: 12:47:03.103: KEYBINDINGS: Grabbing keybinding keycode 117 mask 0x40 on 0x21f
libmutter-Message: 12:47:03.103: KEYBINDINGS: Grabbing keybinding keycode 9 mask 0x40 on 0x21f
libmutter-Message: 12:47:03.103: KEYBINDINGS: Grabbing keybinding keycode 14 mask 0x44 on 0x21f
libmutter-Message: 12:47:03.103: KEYBINDINGS: Grabbing keybinding keycode 10 mask 0x40 on 0x21f
libmutter-Message: 12:47:03.104: KEYBINDINGS: Grabbing keybinding keycode 55 mask 0x40 on 0x21f
libmutter-Message: 12:47:03.104: KEYBINDINGS: Grabbing keybinding keycode 58 mask 0x40 on 0x21f
libmutter-Message: 12:47:03.104: KEYBINDINGS: Grabbing keybinding keycode 107 mask 0x1 on 0x21f
libmutter-Message: 12:47:03.104: KEYBINDINGS: Grabbing keybinding keycode 218 mask 0x1 on 0x21f
libmutter-Message: 12:47:03.104: KEYBINDINGS: Grabbing keybinding keycode 33 mask 0x40 on 0x21f
libmutter-Message: 12:47:03.104: KEYBINDINGS: Grabbing keybinding keycode 116 mask 0x48 on 0x21f
libmutter-Message: 12:47:03.104: KEYBINDINGS: Grabbing keybinding keycode 15 mask 0x40 on 0x21f
libmutter-Message: 12:47:03.104: KEYBINDINGS: Grabbing keybinding keycode 14 mask 0x40 on 0x21f
libmutter-Message: 12:47:03.104: KEYBINDINGS: Grabbing keybinding keycode 18 mask 0x44 on 0x21f
libmutter-Message: 12:47:03.104: KEYBINDINGS: Grabbing keybinding keycode 110 mask 0x40 on 0x21f
libmutter-Message: 12:47:03.105: KEYBINDINGS: Grabbing keybinding keycode 23 mask 0xc on 0x21f
libmutter-Message: 12:47:03.105: KEYBINDINGS: Grabbing keybinding keycode 23 mask 0xd on 0x21f
libmutter-Message: 12:47:03.105: KEYBINDINGS: Grabbing keybinding keycode 27 mask 0xd on 0x21f
libmutter-Message: 12:47:03.105: KEYBINDINGS: Grabbing keybinding keycode 39 mask 0x40 on 0x21f
libmutter-Message: 12:47:03.105: KEYBINDINGS: Grabbing keybinding keycode 16 mask 0x40 on 0x21f
libmutter-Message: 12:47:03.105: KEYBINDINGS: Grabbing keybinding keycode 23 mask 0x40 on 0x21f
libmutter-Message: 12:47:03.105: KEYBINDINGS: Grabbing keybinding keycode 23 mask 0x8 on 0x21f
libmutter-Message: 12:47:03.105: KEYBINDINGS: Grabbing keybinding keycode 65 mask 0x41 on 0x21f
libmutter-Message: 12:47:03.105: KEYBINDINGS: Grabbing keybinding keycode 23 mask 0x9 on 0x21f
libmutter-Message: 12:47:03.106: KEYBINDINGS: Grabbing keybinding keycode 40 mask 0x40 on 0x21f
libmutter-Message: 12:47:03.106: KEYBINDINGS: Grabbing keybinding keycode 114 mask 0xc on 0x21f
libmutter-Message: 12:47:03.106: KEYBINDINGS: Grabbing keybinding keycode 115 mask 0x40 on 0x21f
libmutter-Message: 12:47:03.106: KEYBINDINGS: Grabbing keybinding keycode 111 mask 0xc on 0x21f
libmutter-Message: 12:47:03.106: KEYBINDINGS: Grabbing keybinding keycode 113 mask 0xc on 0x21f
libmutter-Message: 12:47:03.106: KEYBINDINGS: Grabbing keybinding keycode 113 mask 0x48 on 0x21f
libmutter-Message: 12:47:03.106: KEYBINDINGS: Grabbing keybinding keycode 10 mask 0x44 on 0x21f
libmutter-Message: 12:47:03.106: KEYBINDINGS: Grabbing keybinding keycode 49 mask 0x8 on 0x21f
libmutter-Message: 12:47:03.107: KEYBINDINGS: Grabbing keybinding keycode 38 mask 0x40 on 0x21f
libmutter-Message: 12:47:03.107: KEYBINDINGS: Grabbing keybinding keycode 18 mask 0x40 on 0x21f
libmutter-Message: 12:47:03.107: KEYBINDINGS: Grabbing keybinding keycode 11 mask 0x40 on 0x21f
libmutter-Message: 12:47:03.107: KEYBINDINGS: Grabbing keybinding keycode 13 mask 0x40 on 0x21f
libmutter-Message: 12:47:03.107: KEYBINDINGS: Grabbing keybinding keycode 17 mask 0x40 on 0x21f
libmutter-Message: 12:47:03.107: KEYBINDINGS: Grabbing keybinding keycode 49 mask 0x40 on 0x21f
libmutter-Message: 12:47:03.107: KEYBINDINGS: Grabbing keybinding keycode 16 mask 0x44 on 0x21f
libmutter-Message: 12:47:03.108: KEYBINDINGS: Grabbing keybinding keycode 65 mask 0x40 on 0x21f
libmutter-Message: 12:47:03.108: KEYBINDINGS: Grabbing keybinding keycode 114 mask 0x48 on 0x21f
libmutter-Message: 12:47:03.108: KEYBINDINGS: Grabbing keybinding keycode 12 mask 0x44 on 0x21f
libmutter-Message: 12:47:03.108: KEYBINDINGS: Grabbing keybinding keycode 68 mask 0x8 on 0x21f
libmutter-Message: 12:47:03.108: KEYBINDINGS: Grabbing keybinding keycode 112 mask 0x40 on 0x21f
libmutter-Message: 12:47:03.108: KEYBINDINGS: Grabbing keybinding keycode 116 mask 0xc on 0x21f
libmutter-Message: 12:47:03.108: KEYBINDINGS: Grabbing keybinding keycode 9 mask 0x8 on 0x21f
libmutter-Message: 12:47:03.109: KEYBINDINGS: Grabbing keybinding keycode 15 mask 0x44 on 0x21f
libmutter-Message: 12:47:03.109: KEYBINDINGS: Grabbing keybinding keycode 9 mask 0x41 on 0x21f
libmutter-Message: 12:47:03.109: KEYBINDINGS: Grabbing keybinding keycode 72 mask 0x9 on 0x21f
libmutter-Message: 12:47:03.109: KEYBINDINGS: Grabbing keybinding keycode 111 mask 0x48 on 0x21f
libmutter-Message: 12:47:03.109: KEYBINDINGS: Grabbing keybinding keycode 11 mask 0x44 on 0x21f
libmutter-Message: 12:47:03.109: KEYBINDINGS: Grabbing keybinding keycode 161 mask 0x0 on 0x21f
libmutter-Message: 12:47:03.110: KEYBINDINGS: Grabbing keybinding keycode 9 mask 0xd on 0x21f
libmutter-Message: 12:47:03.110: KEYBINDINGS: Grabbing keybinding keycode 9 mask 0xc on 0x21f
libmutter-Message: 12:47:03.110: KEYBINDINGS: Grabbing keybinding keycode 49 mask 0x41 on 0x21f
libmutter-Message: 12:47:03.110: KEYBINDINGS: Grabbing keybinding keycode 57 mask 0x40 on 0x21f
libmutter-Message: 12:47:03.110: KEYBINDINGS: Grabbing keybinding keycode 235 mask 0x0 on 0x21f
libmutter-Message: 12:47:03.110: KEYBINDINGS: Grabbing keybinding keycode 23 mask 0x41 on 0x21f
libmutter-Message: 12:47:03.111: KEYBINDINGS: Grabbing keybinding keycode 72 mask 0x8 on 0x21f
libmutter-Message: 12:47:03.111: KEYBINDINGS: Grabbing keybinding keycode 13 mask 0x44 on 0x21f
libmutter-Message: 12:47:03.111: KEYBINDINGS: Grabbing keybinding keycode 12 mask 0x40 on 0x21f
libmutter-Message: 12:47:03.111: KEYBINDINGS: Grabbing keybinding keycode 17 mask 0x44 on 0x21f
libmutter-Message: 12:47:03.111: KEYBINDINGS: Grabbing keybinding keycode 107 mask 0x0 on 0x21f
libmutter-Message: 12:47:03.112: KEYBINDINGS: Grabbing keybinding keycode 218 mask 0x0 on 0x21f
libmutter-Message: 12:47:03.112: KEYBINDINGS: Grabbing keybinding keycode 49 mask 0x9 on 0x21f
libmutter-Message: 12:47:03.112: KEYBINDINGS: Grabbing keybinding keycode 9 mask 0x9 on 0x21f
libmutter-Message: 12:47:03.112: KEYBINDINGS: Grabbing keybinding keycode 111 mask 0x40 on 0x400003
libmutter-Message: 12:47:03.112: KEYBINDINGS: Grabbing keybinding keycode 111 mask 0xd on 0x400003
libmutter-Message: 12:47:03.112: KEYBINDINGS: Grabbing keybinding keycode 114 mask 0x40 on 0x400003
libmutter-Message: 12:47:03.113: KEYBINDINGS: Grabbing keybinding keycode 114 mask 0x41 on 0x400003
libmutter-Message: 12:47:03.113: KEYBINDINGS: Grabbing keybinding keycode 73 mask 0x8 on 0x400003
libmutter-Message: 12:47:03.113: KEYBINDINGS: Grabbing keybinding keycode 113 mask 0x40 on 0x400003
libmutter-Message: 12:47:03.113: KEYBINDINGS: Grabbing keybinding keycode 43 mask 0x40 on 0x400003
libmutter-Message: 12:47:03.113: KEYBINDINGS: Grabbing keybinding keycode 76 mask 0x8 on 0x400003
libmutter-Message: 12:47:03.113: KEYBINDINGS: Grabbing keybinding keycode 116 mask 0x40 on 0x400003
libmutter-Message: 12:47:03.113: KEYBINDINGS: Grabbing keybinding keycode 114 mask 0x49 on 0x400003
libmutter-Message: 12:47:03.113: KEYBINDINGS: Grabbing keybinding keycode 65 mask 0x8 on 0x400003
libmutter-Message: 12:47:03.114: KEYBINDINGS: Grabbing keybinding keycode 107 mask 0x8 on 0x400003
libmutter-Message: 12:47:03.114: KEYBINDINGS: Grabbing keybinding keycode 218 mask 0x8 on 0x400003
libmutter-Message: 12:47:03.114: KEYBINDINGS: Grabbing keybinding keycode 116 mask 0x41 on 0x400003
libmutter-Message: 12:47:03.114: KEYBINDINGS: Grabbing keybinding keycode 110 mask 0x41 on 0x400003
libmutter-Message: 12:47:03.114: KEYBINDINGS: Grabbing keybinding keycode 114 mask 0xd on 0x400003
libmutter-Message: 12:47:03.114: KEYBINDINGS: Grabbing keybinding keycode 113 mask 0xd on 0x400003
libmutter-Message: 12:47:03.115: KEYBINDINGS: Grabbing keybinding keycode 116 mask 0xd on 0x400003
libmutter-Message: 12:47:03.115: KEYBINDINGS: Grabbing keybinding keycode 113 mask 0x49 on 0x400003
libmutter-Message: 12:47:03.115: KEYBINDINGS: Grabbing keybinding keycode 71 mask 0x8 on 0x400003
libmutter-Message: 12:47:03.115: KEYBINDINGS: Grabbing keybinding keycode 111 mask 0x41 on 0x400003
libmutter-Message: 12:47:03.115: KEYBINDINGS: Grabbing keybinding keycode 112 mask 0x41 on 0x400003
libmutter-Message: 12:47:03.115: KEYBINDINGS: Grabbing keybinding keycode 113 mask 0x41 on 0x400003
libmutter-Message: 12:47:03.115: KEYBINDINGS: Grabbing keybinding keycode 117 mask 0x41 on 0x400003
libmutter-Message: 12:47:03.115: KEYBINDINGS: Grabbing keybinding keycode 74 mask 0x8 on 0x400003
libmutter-Message: 12:47:03.116: KEYBINDINGS: Grabbing keybinding keycode 70 mask 0x8 on 0x400003
libmutter-Message: 12:47:03.116: KEYBINDINGS: Grabbing keybinding keycode 115 mask 0x41 on 0x400003
libmutter-Message: 12:47:03.147: WINDOW_STATE: Queueing move-resize for window '0x400003'
libmutter-Message: 12:47:03.161: WINDOW_STATE: Unqueuing move-resize for window '0x400003'
libmutter-Message: 12:47:03.161: WINDOW_STATE: Showing window 0x400003, iconic: 0 placed: 0
libmutter-Message: 12:47:03.161: WINDOW_STATE: Window 0x400003 does focus on map, and does place on top on map.
libmutter-Message: 12:47:03.161: FOCUS: Setting input focus to window 0x400003, input: 1 focusable: 1
libmutter-Message: 12:47:03.161: WINDOW_STATE: Unqueuing calc-showing for window '0x400003'
libmutter-Message: 12:47:03.161: WINDOW_STATE: Running calc-showing for window '0x400003'
libmutter-Message: 12:47:03.161: WINDOW_STATE: Showing window 0x400003, iconic: 0 placed: 1
libmutter-Message: 12:47:03.161: WINDOW_STATE: Window 0x400003 does focus on map, and does place on top on map.
libmutter-Message: 12:47:03.162: FOCUS: Setting input focus on 0x400003 since input = true
libmutter-Message: 12:47:03.162: FOCUS: Setting X11 input focus for window 0x400003 to 0x400003
libmutter-Message: 12:47:03.162: FOCUS: Updating X11 focus window from 0x600003 to 0x400003
libmutter-Message: 12:47:03.162: FOCUS: * Focus --> 0x400003
libmutter-Message: 12:47:03.162: FOCUS: Sending WM_TAKE_FOCUS to 0x400003 since take_focus = true
libmutter-Message: 12:47:03.162: FOCUS: WM_TAKE_FOCUS(0x400003, 6452)
libmutter-Message: 12:47:03.324: FOCUS: Focus in event received on 0x400003 0x400003 (client window) mode NotifyNormal detail NotifyAncestor serial 355
libmutter-Message: 12:47:03.325: FOCUS: Focus out event received on 0x400003 0x400003 (client window) mode NotifyNormal detail NotifyAncestor serial 370
libmutter-Message: 12:47:03.325: FOCUS: Ignoring focus out with NotifyInferior
GNOME Shell-Message: 12:47:03.580: GNOME Shell started at Tue Oct 06 2026 12:47:03 GMT+1100 (Australian Eastern Daylight Time)
GNOME Shell-Message: 12:47:03.586: Registering session with GDM
libmutter-Message: 12:47:03.644: FOCUS: Focus out event received on 0x400003 0x400003 (client window) mode NotifyGrab detail NotifyVirtual serial 399
libmutter-Message: 12:47:03.644: FOCUS: Ignoring focus event generated by a grab or other weirdness
GNOME Shell-Message: 12:47:03.651: Error registering session with GDM: GDBus.Error:org.freedesktop.DBus.Error.ServiceUnknown: The name org.gnome.DisplayManager was not provided by any .service files
libmutter-Message: 12:47:07.833: KEYBINDINGS: Ungrabbing keybinding keycode 133 mask 0x0 on 0x21f
libmutter-Message: 12:47:07.833: KEYBINDINGS: Ungrabbing keybinding keycode 37 mask 0x0 on 0x21f
libmutter-Message: 12:47:07.833: KEYBINDINGS: Ungrabbing keybinding keycode 117 mask 0x40 on 0x21f
libmutter-Message: 12:47:07.833: KEYBINDINGS: Ungrabbing keybinding keycode 9 mask 0x40 on 0x21f
libmutter-Message: 12:47:07.834: KEYBINDINGS: Ungrabbing keybinding keycode 14 mask 0x44 on 0x21f
libmutter-Message: 12:47:07.834: KEYBINDINGS: Ungrabbing keybinding keycode 10 mask 0x40 on 0x21f
libmutter-Message: 12:47:07.834: KEYBINDINGS: Ungrabbing keybinding keycode 55 mask 0x40 on 0x21f
libmutter-Message: 12:47:07.834: KEYBINDINGS: Ungrabbing keybinding keycode 58 mask 0x40 on 0x21f
libmutter-Message: 12:47:07.834: KEYBINDINGS: Ungrabbing keybinding keycode 107 mask 0x1 on 0x21f
libmutter-Message: 12:47:07.834: KEYBINDINGS: Ungrabbing keybinding keycode 218 mask 0x1 on 0x21f
libmutter-Message: 12:47:07.834: KEYBINDINGS: Ungrabbing keybinding keycode 33 mask 0x40 on 0x21f
libmutter-Message: 12:47:07.834: KEYBINDINGS: Ungrabbing keybinding keycode 116 mask 0x48 on 0x21f
libmutter-Message: 12:47:07.834: KEYBINDINGS: Ungrabbing keybinding keycode 15 mask 0x40 on 0x21f
libmutter-Message: 12:47:07.835: KEYBINDINGS: Ungrabbing keybinding keycode 14 mask 0x40 on 0x21f
libmutter-Message: 12:47:07.835: KEYBINDINGS: Ungrabbing keybinding keycode 18 mask 0x44 on 0x21f
libmutter-Message: 12:47:07.835: KEYBINDINGS: Ungrabbing keybinding keycode 110 mask 0x40 on 0x21f
libmutter-Message: 12:47:07.835: KEYBINDINGS: Ungrabbing keybinding keycode 23 mask 0xc on 0x21f
libmutter-Message: 12:47:07.835: KEYBINDINGS: Ungrabbing keybinding keycode 23 mask 0xd on 0x21f
libmutter-Message: 12:47:07.835: KEYBINDINGS: Ungrabbing keybinding keycode 27 mask 0xd on 0x21f
libmutter-Message: 12:47:07.835: KEYBINDINGS: Ungrabbing keybinding keycode 39 mask 0x40 on 0x21f
libmutter-Message: 12:47:07.835: KEYBINDINGS: Ungrabbing keybinding keycode 16 mask 0x40 on 0x21f
libmutter-Message: 12:47:07.835: KEYBINDINGS: Ungrabbing keybinding keycode 23 mask 0x40 on 0x21f
libmutter-Message: 12:47:07.836: KEYBINDINGS: Ungrabbing keybinding keycode 23 mask 0x8 on 0x21f
libmutter-Message: 12:47:07.836: KEYBINDINGS: Ungrabbing keybinding keycode 65 mask 0x41 on 0x21f
libmutter-Message: 12:47:07.836: KEYBINDINGS: Ungrabbing keybinding keycode 23 mask 0x9 on 0x21f
libmutter-Message: 12:47:07.836: KEYBINDINGS: Ungrabbing keybinding keycode 40 mask 0x40 on 0x21f
libmutter-Message: 12:47:07.836: KEYBINDINGS: Ungrabbing keybinding keycode 114 mask 0xc on 0x21f
libmutter-Message: 12:47:07.836: KEYBINDINGS: Ungrabbing keybinding keycode 115 mask 0x40 on 0x21f
libmutter-Message: 12:47:07.836: KEYBINDINGS: Ungrabbing keybinding keycode 111 mask 0xc on 0x21f
libmutter-Message: 12:47:07.836: KEYBINDINGS: Ungrabbing keybinding keycode 113 mask 0xc on 0x21f
libmutter-Message: 12:47:07.836: KEYBINDINGS: Ungrabbing keybinding keycode 113 mask 0x48 on 0x21f
libmutter-Message: 12:47:07.837: KEYBINDINGS: Ungrabbing keybinding keycode 10 mask 0x44 on 0x21f
libmutter-Message: 12:47:07.837: KEYBINDINGS: Ungrabbing keybinding keycode 49 mask 0x8 on 0x21f
libmutter-Message: 12:47:07.837: KEYBINDINGS: Ungrabbing keybinding keycode 38 mask 0x40 on 0x21f
libmutter-Message: 12:47:07.837: KEYBINDINGS: Ungrabbing keybinding keycode 18 mask 0x40 on 0x21f
libmutter-Message: 12:47:07.837: KEYBINDINGS: Ungrabbing keybinding keycode 11 mask 0x40 on 0x21f
libmutter-Message: 12:47:07.837: KEYBINDINGS: Ungrabbing keybinding keycode 13 mask 0x40 on 0x21f
libmutter-Message: 12:47:07.837: KEYBINDINGS: Ungrabbing keybinding keycode 17 mask 0x40 on 0x21f
libmutter-Message: 12:47:07.837: KEYBINDINGS: Ungrabbing keybinding keycode 49 mask 0x40 on 0x21f
libmutter-Message: 12:47:07.837: KEYBINDINGS: Ungrabbing keybinding keycode 16 mask 0x44 on 0x21f
libmutter-Message: 12:47:07.837: KEYBINDINGS: Ungrabbing keybinding keycode 65 mask 0x40 on 0x21f
libmutter-Message: 12:47:07.837: KEYBINDINGS: Ungrabbing keybinding keycode 114 mask 0x48 on 0x21f
libmutter-Message: 12:47:07.838: KEYBINDINGS: Ungrabbing keybinding keycode 12 mask 0x44 on 0x21f
libmutter-Message: 12:47:07.838: KEYBINDINGS: Ungrabbing keybinding keycode 68 mask 0x8 on 0x21f
libmutter-Message: 12:47:07.838: KEYBINDINGS: Ungrabbing keybinding keycode 112 mask 0x40 on 0x21f
libmutter-Message: 12:47:07.838: KEYBINDINGS: Ungrabbing keybinding keycode 116 mask 0xc on 0x21f
libmutter-Message: 12:47:07.838: KEYBINDINGS: Ungrabbing keybinding keycode 9 mask 0x8 on 0x21f
libmutter-Message: 12:47:07.838: KEYBINDINGS: Ungrabbing keybinding keycode 15 mask 0x44 on 0x21f
libmutter-Message: 12:47:07.838: KEYBINDINGS: Ungrabbing keybinding keycode 9 mask 0x41 on 0x21f
libmutter-Message: 12:47:07.838: KEYBINDINGS: Ungrabbing keybinding keycode 72 mask 0x9 on 0x21f
libmutter-Message: 12:47:07.838: KEYBINDINGS: Ungrabbing keybinding keycode 111 mask 0x48 on 0x21f
libmutter-Message: 12:47:07.838: KEYBINDINGS: Ungrabbing keybinding keycode 11 mask 0x44 on 0x21f
libmutter-Message: 12:47:07.838: KEYBINDINGS: Ungrabbing keybinding keycode 161 mask 0x0 on 0x21f
libmutter-Message: 12:47:07.838: KEYBINDINGS: Ungrabbing keybinding keycode 9 mask 0xd on 0x21f
libmutter-Message: 12:47:07.838: KEYBINDINGS: Ungrabbing keybinding keycode 9 mask 0xc on 0x21f
libmutter-Message: 12:47:07.838: KEYBINDINGS: Ungrabbing keybinding keycode 49 mask 0x41 on 0x21f
libmutter-Message: 12:47:07.838: KEYBINDINGS: Ungrabbing keybinding keycode 57 mask 0x40 on 0x21f
libmutter-Message: 12:47:07.838: KEYBINDINGS: Ungrabbing keybinding keycode 235 mask 0x0 on 0x21f
libmutter-Message: 12:47:07.838: KEYBINDINGS: Ungrabbing keybinding keycode 23 mask 0x41 on 0x21f
libmutter-Message: 12:47:07.838: KEYBINDINGS: Ungrabbing keybinding keycode 72 mask 0x8 on 0x21f
libmutter-Message: 12:47:07.838: KEYBINDINGS: Ungrabbing keybinding keycode 13 mask 0x44 on 0x21f
libmutter-Message: 12:47:07.838: KEYBINDINGS: Ungrabbing keybinding keycode 12 mask 0x40 on 0x21f
libmutter-Message: 12:47:07.839: KEYBINDINGS: Ungrabbing keybinding keycode 17 mask 0x44 on 0x21f
libmutter-Message: 12:47:07.839: KEYBINDINGS: Ungrabbing keybinding keycode 107 mask 0x0 on 0x21f
libmutter-Message: 12:47:07.839: KEYBINDINGS: Ungrabbing keybinding keycode 218 mask 0x0 on 0x21f
libmutter-Message: 12:47:07.839: KEYBINDINGS: Ungrabbing keybinding keycode 49 mask 0x9 on 0x21f
libmutter-Message: 12:47:07.839: KEYBINDINGS: Ungrabbing keybinding keycode 9 mask 0x9 on 0x21f
libmutter-Message: 12:47:07.839: KEYBINDINGS: Ungrabbing keybinding keycode 111 mask 0x40 on 0x400003
libmutter-Message: 12:47:07.839: KEYBINDINGS: Ungrabbing keybinding keycode 111 mask 0xd on 0x400003
libmutter-Message: 12:47:07.839: KEYBINDINGS: Ungrabbing keybinding keycode 114 mask 0x40 on 0x400003
libmutter-Message: 12:47:07.839: KEYBINDINGS: Ungrabbing keybinding keycode 114 mask 0x41 on 0x400003
libmutter-Message: 12:47:07.839: KEYBINDINGS: Ungrabbing keybinding keycode 73 mask 0x8 on 0x400003
libmutter-Message: 12:47:07.839: KEYBINDINGS: Ungrabbing keybinding keycode 113 mask 0x40 on 0x400003
libmutter-Message: 12:47:07.839: KEYBINDINGS: Ungrabbing keybinding keycode 43 mask 0x40 on 0x400003
libmutter-Message: 12:47:07.839: KEYBINDINGS: Ungrabbing keybinding keycode 76 mask 0x8 on 0x400003
libmutter-Message: 12:47:07.839: KEYBINDINGS: Ungrabbing keybinding keycode 116 mask 0x40 on 0x400003
libmutter-Message: 12:47:07.839: KEYBINDINGS: Ungrabbing keybinding keycode 114 mask 0x49 on 0x400003
libmutter-Message: 12:47:07.839: KEYBINDINGS: Ungrabbing keybinding keycode 65 mask 0x8 on 0x400003
libmutter-Message: 12:47:07.839: KEYBINDINGS: Ungrabbing keybinding keycode 107 mask 0x8 on 0x400003
libmutter-Message: 12:47:07.839: KEYBINDINGS: Ungrabbing keybinding keycode 218 mask 0x8 on 0x400003
libmutter-Message: 12:47:07.839: KEYBINDINGS: Ungrabbing keybinding keycode 116 mask 0x41 on 0x400003
libmutter-Message: 12:47:07.839: KEYBINDINGS: Ungrabbing keybinding keycode 110 mask 0x41 on 0x400003
libmutter-Message: 12:47:07.840: KEYBINDINGS: Ungrabbing keybinding keycode 114 mask 0xd on 0x400003
libmutter-Message: 12:47:07.840: KEYBINDINGS: Ungrabbing keybinding keycode 113 mask 0xd on 0x400003
libmutter-Message: 12:47:07.840: KEYBINDINGS: Ungrabbing keybinding keycode 116 mask 0xd on 0x400003
libmutter-Message: 12:47:07.840: KEYBINDINGS: Ungrabbing keybinding keycode 113 mask 0x49 on 0x400003
libmutter-Message: 12:47:07.840: KEYBINDINGS: Ungrabbing keybinding keycode 71 mask 0x8 on 0x400003
libmutter-Message: 12:47:07.840: KEYBINDINGS: Ungrabbing keybinding keycode 111 mask 0x41 on 0x400003
libmutter-Message: 12:47:07.840: KEYBINDINGS: Ungrabbing keybinding keycode 112 mask 0x41 on 0x400003
libmutter-Message: 12:47:07.840: KEYBINDINGS: Ungrabbing keybinding keycode 113 mask 0x41 on 0x400003
libmutter-Message: 12:47:07.840: KEYBINDINGS: Ungrabbing keybinding keycode 117 mask 0x41 on 0x400003
libmutter-Message: 12:47:07.840: KEYBINDINGS: Ungrabbing keybinding keycode 74 mask 0x8 on 0x400003
libmutter-Message: 12:47:07.840: KEYBINDINGS: Ungrabbing keybinding keycode 70 mask 0x8 on 0x400003
libmutter-Message: 12:47:07.840: KEYBINDINGS: Ungrabbing keybinding keycode 115 mask 0x41 on 0x400003
libmutter-Message: 12:47:07.840: KEYBINDINGS: Ignoring modmask 0x12 scroll lock 0x0 hyper 0x40 super 0x40 meta 0x8
libmutter-Message: 12:47:07.841: KEYBINDINGS: Grabbing keybinding keycode 133 mask 0x0 on 0x21f
libmutter-Message: 12:47:07.841: KEYBINDINGS: Ungrabbing keybinding keycode 37 mask 0x0 on 0x21f
libmutter-Message: 12:47:07.841: KEYBINDINGS: Grabbing keybinding keycode 117 mask 0x40 on 0x21f
libmutter-Message: 12:47:07.841: KEYBINDINGS: Grabbing keybinding keycode 9 mask 0x40 on 0x21f
libmutter-Message: 12:47:07.841: KEYBINDINGS: Grabbing keybinding keycode 14 mask 0x44 on 0x21f
libmutter-Message: 12:47:07.841: KEYBINDINGS: Grabbing keybinding keycode 10 mask 0x40 on 0x21f
libmutter-Message: 12:47:07.841: KEYBINDINGS: Grabbing keybinding keycode 55 mask 0x40 on 0x21f
libmutter-Message: 12:47:07.841: KEYBINDINGS: Grabbing keybinding keycode 58 mask 0x40 on 0x21f
libmutter-Message: 12:47:07.841: KEYBINDINGS: Grabbing keybinding keycode 107 mask 0x1 on 0x21f
libmutter-Message: 12:47:07.841: KEYBINDINGS: Grabbing keybinding keycode 218 mask 0x1 on 0x21f
libmutter-Message: 12:47:07.841: KEYBINDINGS: Grabbing keybinding keycode 33 mask 0x40 on 0x21f
libmutter-Message: 12:47:07.841: KEYBINDINGS: Grabbing keybinding keycode 116 mask 0x48 on 0x21f
libmutter-Message: 12:47:07.841: KEYBINDINGS: Grabbing keybinding keycode 15 mask 0x40 on 0x21f
libmutter-Message: 12:47:07.842: KEYBINDINGS: Grabbing keybinding keycode 14 mask 0x40 on 0x21f
libmutter-Message: 12:47:07.842: KEYBINDINGS: Grabbing keybinding keycode 18 mask 0x44 on 0x21f
libmutter-Message: 12:47:07.842: KEYBINDINGS: Grabbing keybinding keycode 110 mask 0x40 on 0x21f
libmutter-Message: 12:47:07.842: KEYBINDINGS: Grabbing keybinding keycode 23 mask 0xc on 0x21f
libmutter-Message: 12:47:07.842: KEYBINDINGS: Grabbing keybinding keycode 23 mask 0xd on 0x21f
libmutter-Message: 12:47:07.842: KEYBINDINGS: Grabbing keybinding keycode 27 mask 0xd on 0x21f
libmutter-Message: 12:47:07.842: KEYBINDINGS: Grabbing keybinding keycode 39 mask 0x40 on 0x21f
libmutter-Message: 12:47:07.842: KEYBINDINGS: Grabbing keybinding keycode 16 mask 0x40 on 0x21f
libmutter-Message: 12:47:07.842: KEYBINDINGS: Grabbing keybinding keycode 23 mask 0x40 on 0x21f
libmutter-Message: 12:47:07.843: KEYBINDINGS: Grabbing keybinding keycode 23 mask 0x8 on 0x21f
libmutter-Message: 12:47:07.843: KEYBINDINGS: Grabbing keybinding keycode 65 mask 0x41 on 0x21f
libmutter-Message: 12:47:07.843: KEYBINDINGS: Grabbing keybinding keycode 23 mask 0x9 on 0x21f
libmutter-Message: 12:47:07.843: KEYBINDINGS: Grabbing keybinding keycode 40 mask 0x40 on 0x21f
libmutter-Message: 12:47:07.843: KEYBINDINGS: Grabbing keybinding keycode 114 mask 0xc on 0x21f
libmutter-Message: 12:47:07.843: KEYBINDINGS: Grabbing keybinding keycode 115 mask 0x40 on 0x21f
libmutter-Message: 12:47:07.843: KEYBINDINGS: Grabbing keybinding keycode 111 mask 0xc on 0x21f
libmutter-Message: 12:47:07.843: KEYBINDINGS: Grabbing keybinding keycode 113 mask 0xc on 0x21f
libmutter-Message: 12:47:07.844: KEYBINDINGS: Grabbing keybinding keycode 113 mask 0x48 on 0x21f
libmutter-Message: 12:47:07.844: KEYBINDINGS: Grabbing keybinding keycode 10 mask 0x44 on 0x21f
libmutter-Message: 12:47:07.844: KEYBINDINGS: Grabbing keybinding keycode 49 mask 0x8 on 0x21f
libmutter-Message: 12:47:07.844: KEYBINDINGS: Grabbing keybinding keycode 38 mask 0x40 on 0x21f
libmutter-Message: 12:47:07.844: KEYBINDINGS: Grabbing keybinding keycode 18 mask 0x40 on 0x21f
libmutter-Message: 12:47:07.844: KEYBINDINGS: Grabbing keybinding keycode 11 mask 0x40 on 0x21f
libmutter-Message: 12:47:07.844: KEYBINDINGS: Grabbing keybinding keycode 13 mask 0x40 on 0x21f
libmutter-Message: 12:47:07.845: KEYBINDINGS: Grabbing keybinding keycode 17 mask 0x40 on 0x21f
libmutter-Message: 12:47:07.845: KEYBINDINGS: Grabbing keybinding keycode 49 mask 0x40 on 0x21f
libmutter-Message: 12:47:07.845: KEYBINDINGS: Grabbing keybinding keycode 16 mask 0x44 on 0x21f
libmutter-Message: 12:47:07.845: KEYBINDINGS: Grabbing keybinding keycode 65 mask 0x40 on 0x21f
libmutter-Message: 12:47:07.845: KEYBINDINGS: Grabbing keybinding keycode 114 mask 0x48 on 0x21f
libmutter-Message: 12:47:07.845: KEYBINDINGS: Grabbing keybinding keycode 12 mask 0x44 on 0x21f
libmutter-Message: 12:47:07.846: KEYBINDINGS: Grabbing keybinding keycode 68 mask 0x8 on 0x21f
libmutter-Message: 12:47:07.846: KEYBINDINGS: Grabbing keybinding keycode 112 mask 0x40 on 0x21f
libmutter-Message: 12:47:07.846: KEYBINDINGS: Grabbing keybinding keycode 116 mask 0xc on 0x21f
libmutter-Message: 12:47:07.846: KEYBINDINGS: Grabbing keybinding keycode 9 mask 0x8 on 0x21f
libmutter-Message: 12:47:07.846: KEYBINDINGS: Grabbing keybinding keycode 15 mask 0x44 on 0x21f
libmutter-Message: 12:47:07.846: KEYBINDINGS: Grabbing keybinding keycode 9 mask 0x41 on 0x21f
libmutter-Message: 12:47:07.846: KEYBINDINGS: Grabbing keybinding keycode 72 mask 0x9 on 0x21f
libmutter-Message: 12:47:07.847: KEYBINDINGS: Grabbing keybinding keycode 111 mask 0x48 on 0x21f
libmutter-Message: 12:47:07.847: KEYBINDINGS: Grabbing keybinding keycode 11 mask 0x44 on 0x21f
libmutter-Message: 12:47:07.847: KEYBINDINGS: Grabbing keybinding keycode 161 mask 0x0 on 0x21f
libmutter-Message: 12:47:07.847: KEYBINDINGS: Grabbing keybinding keycode 9 mask 0xd on 0x21f
libmutter-Message: 12:47:07.847: KEYBINDINGS: Grabbing keybinding keycode 9 mask 0xc on 0x21f
libmutter-Message: 12:47:07.847: KEYBINDINGS: Grabbing keybinding keycode 49 mask 0x41 on 0x21f
libmutter-Message: 12:47:07.848: KEYBINDINGS: Grabbing keybinding keycode 57 mask 0x40 on 0x21f
libmutter-Message: 12:47:07.848: KEYBINDINGS: Grabbing keybinding keycode 235 mask 0x0 on 0x21f
libmutter-Message: 12:47:07.848: KEYBINDINGS: Grabbing keybinding keycode 23 mask 0x41 on 0x21f
libmutter-Message: 12:47:07.848: KEYBINDINGS: Grabbing keybinding keycode 72 mask 0x8 on 0x21f
libmutter-Message: 12:47:07.848: KEYBINDINGS: Grabbing keybinding keycode 13 mask 0x44 on 0x21f
libmutter-Message: 12:47:07.849: KEYBINDINGS: Grabbing keybinding keycode 12 mask 0x40 on 0x21f
libmutter-Message: 12:47:07.849: KEYBINDINGS: Grabbing keybinding keycode 17 mask 0x44 on 0x21f
libmutter-Message: 12:47:07.849: KEYBINDINGS: Grabbing keybinding keycode 107 mask 0x0 on 0x21f
libmutter-Message: 12:47:07.849: KEYBINDINGS: Grabbing keybinding keycode 218 mask 0x0 on 0x21f
libmutter-Message: 12:47:07.849: KEYBINDINGS: Grabbing keybinding keycode 49 mask 0x9 on 0x21f
libmutter-Message: 12:47:07.850: KEYBINDINGS: Grabbing keybinding keycode 9 mask 0x9 on 0x21f
libmutter-Message: 12:47:07.850: KEYBINDINGS: Grabbing keybinding keycode 111 mask 0x40 on 0x400003
libmutter-Message: 12:47:07.850: KEYBINDINGS: Grabbing keybinding keycode 111 mask 0xd on 0x400003
libmutter-Message: 12:47:07.850: KEYBINDINGS: Grabbing keybinding keycode 114 mask 0x40 on 0x400003
libmutter-Message: 12:47:07.850: KEYBINDINGS: Grabbing keybinding keycode 114 mask 0x41 on 0x400003
libmutter-Message: 12:47:07.850: KEYBINDINGS: Grabbing keybinding keycode 73 mask 0x8 on 0x400003
libmutter-Message: 12:47:07.850: KEYBINDINGS: Grabbing keybinding keycode 113 mask 0x40 on 0x400003
libmutter-Message: 12:47:07.851: KEYBINDINGS: Grabbing keybinding keycode 43 mask 0x40 on 0x400003
libmutter-Message: 12:47:07.851: KEYBINDINGS: Grabbing keybinding keycode 76 mask 0x8 on 0x400003
libmutter-Message: 12:47:07.851: KEYBINDINGS: Grabbing keybinding keycode 116 mask 0x40 on 0x400003
libmutter-Message: 12:47:07.851: KEYBINDINGS: Grabbing keybinding keycode 114 mask 0x49 on 0x400003
libmutter-Message: 12:47:07.851: KEYBINDINGS: Grabbing keybinding keycode 65 mask 0x8 on 0x400003
libmutter-Message: 12:47:07.851: KEYBINDINGS: Grabbing keybinding keycode 107 mask 0x8 on 0x400003
libmutter-Message: 12:47:07.851: KEYBINDINGS: Grabbing keybinding keycode 218 mask 0x8 on 0x400003
libmutter-Message: 12:47:07.851: KEYBINDINGS: Grabbing keybinding keycode 116 mask 0x41 on 0x400003
libmutter-Message: 12:47:07.851: KEYBINDINGS: Grabbing keybinding keycode 110 mask 0x41 on 0x400003
libmutter-Message: 12:47:07.851: KEYBINDINGS: Grabbing keybinding keycode 114 mask 0xd on 0x400003
libmutter-Message: 12:47:07.851: KEYBINDINGS: Grabbing keybinding keycode 113 mask 0xd on 0x400003
libmutter-Message: 12:47:07.852: KEYBINDINGS: Grabbing keybinding keycode 116 mask 0xd on 0x400003
libmutter-Message: 12:47:07.852: KEYBINDINGS: Grabbing keybinding keycode 113 mask 0x49 on 0x400003
libmutter-Message: 12:47:07.852: KEYBINDINGS: Grabbing keybinding keycode 71 mask 0x8 on 0x400003
libmutter-Message: 12:47:07.852: KEYBINDINGS: Grabbing keybinding keycode 111 mask 0x41 on 0x400003
libmutter-Message: 12:47:07.852: KEYBINDINGS: Grabbing keybinding keycode 112 mask 0x41 on 0x400003
libmutter-Message: 12:47:07.852: KEYBINDINGS: Grabbing keybinding keycode 113 mask 0x41 on 0x400003
libmutter-Message: 12:47:07.852: KEYBINDINGS: Grabbing keybinding keycode 117 mask 0x41 on 0x400003
libmutter-Message: 12:47:07.852: KEYBINDINGS: Grabbing keybinding keycode 74 mask 0x8 on 0x400003
libmutter-Message: 12:47:07.852: KEYBINDINGS: Grabbing keybinding keycode 70 mask 0x8 on 0x400003
libmutter-Message: 12:47:07.853: KEYBINDINGS: Grabbing keybinding keycode 115 mask 0x41 on 0x400003
libmutter-Message: 12:47:07.853: KEYBINDINGS: No handler found for this event in this binding table
libmutter-Message: 12:47:07.871: FOCUS: Focus in event received on 0x400003 0x400003 (client window) mode NotifyUngrab detail NotifyInferior serial 399
libmutter-Message: 12:47:07.871: FOCUS: Ignoring focus event generated by a grab or other weirdness
libmutter-Message: 12:47:08.753: FOCUS: Focus out event received on 0x400003 0x400003 (client window) mode NotifyGrab detail NotifyVirtual serial 407
libmutter-Message: 12:47:08.753: FOCUS: Ignoring focus event generated by a grab or other weirdness
libmutter-Message: 12:47:08.753: FOCUS: Focus in event received on  0x21f (root window) mode NotifyGrab detail NotifyVirtual serial 407
libmutter-Message: 12:47:08.753: FOCUS: Ignoring focus event generated by a grab or other weirdness
libmutter-Message: 12:47:08.753: KEYBINDINGS: Running handler for show-desktop
libmutter-Message: 12:47:08.753: WINDOW_STATE: Queueing calc-showing for window '0x400003'
libmutter-Message: 12:47:08.753: WINDOW_STATE: Hiding window 0x400003
libmutter-Message: 12:47:08.754: FOCUS: Focusing MRU window
libmutter-Message: 12:47:08.754: FOCUS: No MRU window to focus found; focusing no_focus_window.
libmutter-Message: 12:47:08.754: FOCUS: Setting X11 input focus for window none to 0x600003
libmutter-Message: 12:47:08.754: FOCUS: Updating X11 focus window from 0x400003 to 0x600003
libmutter-Message: 12:47:08.754: FOCUS: 0x400003 is now the previous focus window due to being focused out or unmapped
libmutter-Message: 12:47:08.754: FOCUS: * Focus --> NULL
libmutter-Message: 12:47:08.755: FOCUS: Focus out event received on  0x21f (root window) mode NotifyUngrab detail NotifyInferior serial 408
libmutter-Message: 12:47:08.755: FOCUS: Ignoring focus event generated by a grab or other weirdness
libmutter-Message: 12:47:08.755: FOCUS: Focus in event received on 0x400003 0x400003 (client window) mode NotifyUngrab detail NotifyInferior serial 408
libmutter-Message: 12:47:08.755: FOCUS: Ignoring focus event generated by a grab or other weirdness
libmutter-Message: 12:47:08.755: FOCUS: Focus out event received on 0x400003 0x400003 (client window) mode NotifyNormal detail NotifyAncestor serial 414
libmutter-Message: 12:47:10.353: FOCUS: Focus in event received on  0x21f (root window) mode NotifyGrab detail NotifyVirtual serial 424
libmutter-Message: 12:47:10.353: FOCUS: Ignoring focus event generated by a grab or other weirdness
libmutter-Message: 12:47:10.354: KEYBINDINGS: Running handler for show-desktop
libmutter-Message: 12:47:10.354: WINDOW_STATE: Queueing calc-showing for window '0x400003'
libmutter-Message: 12:47:10.354: FOCUS: Focusing MRU window
libmutter-Message: 12:47:10.354: FOCUS: Focusing workspace MRU window 0x400003
libmutter-Message: 12:47:10.354: FOCUS: Setting input focus to window 0x400003, input: 1 focusable: 1
libmutter-Message: 12:47:10.354: WINDOW_STATE: Unqueuing calc-showing for window '0x400003'
libmutter-Message: 12:47:10.354: WINDOW_STATE: Running calc-showing for window '0x400003'
libmutter-Message: 12:47:10.354: WINDOW_STATE: Showing window 0x400003, iconic: 1 placed: 1
libmutter-Message: 12:47:10.354: WINDOW_STATE: Window 0x400003 does focus on map, and does place on top on map.
libmutter-Message: 12:47:10.354: FOCUS: Setting input focus on 0x400003 since input = true
libmutter-Message: 12:47:10.354: FOCUS: Setting X11 input focus for window 0x400003 to 0x400003
libmutter-Message: 12:47:10.354: FOCUS: Updating X11 focus window from 0x600003 to 0x400003
libmutter-Message: 12:47:10.354: FOCUS: * Focus --> 0x400003
libmutter-Message: 12:47:10.355: FOCUS: Sending WM_TAKE_FOCUS to 0x400003 since take_focus = true
libmutter-Message: 12:47:10.355: FOCUS: WM_TAKE_FOCUS(0x400003, 13644)
libmutter-Message: 12:47:10.355: FOCUS: Focus in event received on 0x400003 0x400003 (client window) mode NotifyWhileGrabbed detail NotifyNonlinear serial 433
libmutter-Message: 12:47:10.355: FOCUS: Focus out event received on 0x400003 0x400003 (client window) mode NotifyUngrab detail NotifyInferior serial 435
libmutter-Message: 12:47:10.355: FOCUS: Ignoring focus event generated by a grab or other weirdness
libmutter-Message: 12:47:10.355: FOCUS: Focus out event received on  0x21f (root window) mode NotifyUngrab detail NotifyInferior serial 435
libmutter-Message: 12:47:10.355: FOCUS: Ignoring focus event generated by a grab or other weirdness
libmutter-Message: 12:47:10.355: FOCUS: Focus in event received on 0x400003 0x400003 (client window) mode NotifyUngrab detail NotifyInferior serial 435
libmutter-Message: 12:47:10.355: FOCUS: Ignoring focus event generated by a grab or other weirdness
libmutter-Message: 12:47:10.356: FOCUS: Focus out event received on 0x400003 0x400003 (client window) mode NotifyNormal detail NotifyAncestor serial 439
libmutter-Message: 12:47:10.356: FOCUS: Ignoring focus out with NotifyInferior
libmutter-Message: 12:47:11.569: WINDOW_STATE: Window 0x400003 withdrawn
libmutter-Message: 12:47:11.569: FOCUS: Focusing default window since we're unmanaging 0x400003
libmutter-Message: 12:47:11.569: FOCUS: Focusing MRU window excluding 0x400003
libmutter-Message: 12:47:11.569: FOCUS: No MRU window to focus found; focusing no_focus_window.
libmutter-Message: 12:47:11.569: FOCUS: Setting X11 input focus for window none to 0x600003
libmutter-Message: 12:47:11.569: FOCUS: Updating X11 focus window from 0x400003 to 0x600003
libmutter-Message: 12:47:11.569: FOCUS: 0x400003 is now the previous focus window due to being focused out or unmapped
libmutter-Message: 12:47:11.570: FOCUS: * Focus --> NULL
libmutter-Message: 12:47:11.570: KEYBINDINGS: Ungrabbing keybinding keycode 111 mask 0x40 on 0x400003
libmutter-Message: 12:47:11.570: KEYBINDINGS: Ungrabbing keybinding keycode 111 mask 0xd on 0x400003
libmutter-Message: 12:47:11.570: KEYBINDINGS: Ungrabbing keybinding keycode 114 mask 0x40 on 0x400003
libmutter-Message: 12:47:11.570: KEYBINDINGS: Ungrabbing keybinding keycode 114 mask 0x41 on 0x400003
libmutter-Message: 12:47:11.570: KEYBINDINGS: Ungrabbing keybinding keycode 73 mask 0x8 on 0x400003
libmutter-Message: 12:47:11.570: KEYBINDINGS: Ungrabbing keybinding keycode 113 mask 0x40 on 0x400003
libmutter-Message: 12:47:11.570: KEYBINDINGS: Ungrabbing keybinding keycode 43 mask 0x40 on 0x400003
libmutter-Message: 12:47:11.570: KEYBINDINGS: Ungrabbing keybinding keycode 76 mask 0x8 on 0x400003
libmutter-Message: 12:47:11.570: KEYBINDINGS: Ungrabbing keybinding keycode 116 mask 0x40 on 0x400003
libmutter-Message: 12:47:11.570: KEYBINDINGS: Ungrabbing keybinding keycode 114 mask 0x49 on 0x400003
libmutter-Message: 12:47:11.570: KEYBINDINGS: Ungrabbing keybinding keycode 65 mask 0x8 on 0x400003
libmutter-Message: 12:47:11.570: KEYBINDINGS: Ungrabbing keybinding keycode 107 mask 0x8 on 0x400003
libmutter-Message: 12:47:11.570: KEYBINDINGS: Ungrabbing keybinding keycode 218 mask 0x8 on 0x400003
libmutter-Message: 12:47:11.570: KEYBINDINGS: Ungrabbing keybinding keycode 116 mask 0x41 on 0x400003
libmutter-Message: 12:47:11.570: KEYBINDINGS: Ungrabbing keybinding keycode 110 mask 0x41 on 0x400003
libmutter-Message: 12:47:11.570: KEYBINDINGS: Ungrabbing keybinding keycode 114 mask 0xd on 0x400003
libmutter-Message: 12:47:11.570: KEYBINDINGS: Ungrabbing keybinding keycode 113 mask 0xd on 0x400003
libmutter-Message: 12:47:11.570: KEYBINDINGS: Ungrabbing keybinding keycode 116 mask 0xd on 0x400003
libmutter-Message: 12:47:11.570: KEYBINDINGS: Ungrabbing keybinding keycode 113 mask 0x49 on 0x400003
libmutter-Message: 12:47:11.570: KEYBINDINGS: Ungrabbing keybinding keycode 71 mask 0x8 on 0x400003
libmutter-Message: 12:47:11.570: KEYBINDINGS: Ungrabbing keybinding keycode 111 mask 0x41 on 0x400003
libmutter-Message: 12:47:11.571: KEYBINDINGS: Ungrabbing keybinding keycode 112 mask 0x41 on 0x400003
libmutter-Message: 12:47:11.571: KEYBINDINGS: Ungrabbing keybinding keycode 113 mask 0x41 on 0x400003
libmutter-Message: 12:47:11.571: KEYBINDINGS: Ungrabbing keybinding keycode 117 mask 0x41 on 0x400003
libmutter-Message: 12:47:11.571: KEYBINDINGS: Ungrabbing keybinding keycode 74 mask 0x8 on 0x400003
libmutter-Message: 12:47:11.571: KEYBINDINGS: Ungrabbing keybinding keycode 70 mask 0x8 on 0x400003
libmutter-Message: 12:47:11.571: KEYBINDINGS: Ungrabbing keybinding keycode 115 mask 0x41 on 0x400003
libmutter-Message: 12:47:11.571: FOCUS: Focus out event received on  0x400003 (unknown window) mode NotifyNormal detail NotifyAncestor serial 452
libmutter-Message: 12:47:11.571: FOCUS: Focus in event received on  0x21f (root window) mode NotifyNormal detail NotifyAncestor serial 452
libmutter-Message: 12:47:11.571: FOCUS: Focus out event received on  0x21f (root window) mode NotifyNormal detail NotifyAncestor serial 457
libmutter-Message: 12:47:11.571: FOCUS: Ignoring focus out with NotifyInferior
** Message: 12:47:11.577: Shutting down GNOME Shell
libmutter-Message: 12:47:11.630: KEYBINDINGS: Ungrabbing keybinding keycode 133 mask 0x0 on 0x21f
libmutter-Message: 12:47:11.631: KEYBINDINGS: Ungrabbing keybinding keycode 37 mask 0x0 on 0x21f
libmutter-Message: 12:47:11.631: KEYBINDINGS: Ungrabbing keybinding keycode 117 mask 0x40 on 0x21f
libmutter-Message: 12:47:11.631: KEYBINDINGS: Ungrabbing keybinding keycode 9 mask 0x40 on 0x21f
libmutter-Message: 12:47:11.631: KEYBINDINGS: Ungrabbing keybinding keycode 14 mask 0x44 on 0x21f
libmutter-Message: 12:47:11.631: KEYBINDINGS: Ungrabbing keybinding keycode 10 mask 0x40 on 0x21f
libmutter-Message: 12:47:11.631: KEYBINDINGS: Ungrabbing keybinding keycode 55 mask 0x40 on 0x21f
libmutter-Message: 12:47:11.632: KEYBINDINGS: Ungrabbing keybinding keycode 58 mask 0x40 on 0x21f
libmutter-Message: 12:47:11.632: KEYBINDINGS: Ungrabbing keybinding keycode 107 mask 0x1 on 0x21f
libmutter-Message: 12:47:11.632: KEYBINDINGS: Ungrabbing keybinding keycode 218 mask 0x1 on 0x21f
libmutter-Message: 12:47:11.632: KEYBINDINGS: Ungrabbing keybinding keycode 33 mask 0x40 on 0x21f
libmutter-Message: 12:47:11.632: KEYBINDINGS: Ungrabbing keybinding keycode 116 mask 0x48 on 0x21f
libmutter-Message: 12:47:11.632: KEYBINDINGS: Ungrabbing keybinding keycode 15 mask 0x40 on 0x21f
libmutter-Message: 12:47:11.632: KEYBINDINGS: Ungrabbing keybinding keycode 14 mask 0x40 on 0x21f
libmutter-Message: 12:47:11.632: KEYBINDINGS: Ungrabbing keybinding keycode 18 mask 0x44 on 0x21f
libmutter-Message: 12:47:11.632: KEYBINDINGS: Ungrabbing keybinding keycode 110 mask 0x40 on 0x21f
libmutter-Message: 12:47:11.633: KEYBINDINGS: Ungrabbing keybinding keycode 23 mask 0xc on 0x21f
libmutter-Message: 12:47:11.633: KEYBINDINGS: Ungrabbing keybinding keycode 23 mask 0xd on 0x21f
libmutter-Message: 12:47:11.633: KEYBINDINGS: Ungrabbing keybinding keycode 27 mask 0xd on 0x21f
libmutter-Message: 12:47:11.633: KEYBINDINGS: Ungrabbing keybinding keycode 39 mask 0x40 on 0x21f
libmutter-Message: 12:47:11.633: KEYBINDINGS: Ungrabbing keybinding keycode 16 mask 0x40 on 0x21f
libmutter-Message: 12:47:11.633: KEYBINDINGS: Ungrabbing keybinding keycode 23 mask 0x40 on 0x21f
libmutter-Message: 12:47:11.633: KEYBINDINGS: Ungrabbing keybinding keycode 23 mask 0x8 on 0x21f
libmutter-Message: 12:47:11.633: KEYBINDINGS: Ungrabbing keybinding keycode 65 mask 0x41 on 0x21f
libmutter-Message: 12:47:11.633: KEYBINDINGS: Ungrabbing keybinding keycode 23 mask 0x9 on 0x21f
libmutter-Message: 12:47:11.633: KEYBINDINGS: Ungrabbing keybinding keycode 40 mask 0x40 on 0x21f
libmutter-Message: 12:47:11.634: KEYBINDINGS: Ungrabbing keybinding keycode 114 mask 0xc on 0x21f
libmutter-Message: 12:47:11.634: KEYBINDINGS: Ungrabbing keybinding keycode 115 mask 0x40 on 0x21f
libmutter-Message: 12:47:11.634: KEYBINDINGS: Ungrabbing keybinding keycode 111 mask 0xc on 0x21f
libmutter-Message: 12:47:11.634: KEYBINDINGS: Ungrabbing keybinding keycode 113 mask 0xc on 0x21f
libmutter-Message: 12:47:11.634: KEYBINDINGS: Ungrabbing keybinding keycode 113 mask 0x48 on 0x21f
libmutter-Message: 12:47:11.634: KEYBINDINGS: Ungrabbing keybinding keycode 10 mask 0x44 on 0x21f
libmutter-Message: 12:47:11.634: KEYBINDINGS: Ungrabbing keybinding keycode 49 mask 0x8 on 0x21f
libmutter-Message: 12:47:11.634: KEYBINDINGS: Ungrabbing keybinding keycode 38 mask 0x40 on 0x21f
libmutter-Message: 12:47:11.634: KEYBINDINGS: Ungrabbing keybinding keycode 18 mask 0x40 on 0x21f
libmutter-Message: 12:47:11.634: KEYBINDINGS: Ungrabbing keybinding keycode 11 mask 0x40 on 0x21f
libmutter-Message: 12:47:11.634: KEYBINDINGS: Ungrabbing keybinding keycode 13 mask 0x40 on 0x21f
libmutter-Message: 12:47:11.634: KEYBINDINGS: Ungrabbing keybinding keycode 17 mask 0x40 on 0x21f
libmutter-Message: 12:47:11.634: KEYBINDINGS: Ungrabbing keybinding keycode 49 mask 0x40 on 0x21f
libmutter-Message: 12:47:11.635: KEYBINDINGS: Ungrabbing keybinding keycode 16 mask 0x44 on 0x21f
libmutter-Message: 12:47:11.635: KEYBINDINGS: Ungrabbing keybinding keycode 65 mask 0x40 on 0x21f
libmutter-Message: 12:47:11.635: KEYBINDINGS: Ungrabbing keybinding keycode 114 mask 0x48 on 0x21f
libmutter-Message: 12:47:11.635: KEYBINDINGS: Ungrabbing keybinding keycode 12 mask 0x44 on 0x21f
libmutter-Message: 12:47:11.635: KEYBINDINGS: Ungrabbing keybinding keycode 68 mask 0x8 on 0x21f
libmutter-Message: 12:47:11.635: KEYBINDINGS: Ungrabbing keybinding keycode 112 mask 0x40 on 0x21f
libmutter-Message: 12:47:11.635: KEYBINDINGS: Ungrabbing keybinding keycode 116 mask 0xc on 0x21f
libmutter-Message: 12:47:11.635: KEYBINDINGS: Ungrabbing keybinding keycode 9 mask 0x8 on 0x21f
libmutter-Message: 12:47:11.635: KEYBINDINGS: Ungrabbing keybinding keycode 15 mask 0x44 on 0x21f
libmutter-Message: 12:47:11.635: KEYBINDINGS: Ungrabbing keybinding keycode 9 mask 0x41 on 0x21f
libmutter-Message: 12:47:11.635: KEYBINDINGS: Ungrabbing keybinding keycode 72 mask 0x9 on 0x21f
libmutter-Message: 12:47:11.635: KEYBINDINGS: Ungrabbing keybinding keycode 111 mask 0x48 on 0x21f
libmutter-Message: 12:47:11.635: KEYBINDINGS: Ungrabbing keybinding keycode 11 mask 0x44 on 0x21f
libmutter-Message: 12:47:11.635: KEYBINDINGS: Ungrabbing keybinding keycode 161 mask 0x0 on 0x21f
libmutter-Message: 12:47:11.635: KEYBINDINGS: Ungrabbing keybinding keycode 9 mask 0xd on 0x21f
libmutter-Message: 12:47:11.635: KEYBINDINGS: Ungrabbing keybinding keycode 9 mask 0xc on 0x21f
libmutter-Message: 12:47:11.635: KEYBINDINGS: Ungrabbing keybinding keycode 49 mask 0x41 on 0x21f
libmutter-Message: 12:47:11.635: KEYBINDINGS: Ungrabbing keybinding keycode 57 mask 0x40 on 0x21f
libmutter-Message: 12:47:11.635: KEYBINDINGS: Ungrabbing keybinding keycode 235 mask 0x0 on 0x21f
libmutter-Message: 12:47:11.636: KEYBINDINGS: Ungrabbing keybinding keycode 23 mask 0x41 on 0x21f
libmutter-Message: 12:47:11.636: KEYBINDINGS: Ungrabbing keybinding keycode 72 mask 0x8 on 0x21f
libmutter-Message: 12:47:11.636: KEYBINDINGS: Ungrabbing keybinding keycode 13 mask 0x44 on 0x21f
libmutter-Message: 12:47:11.636: KEYBINDINGS: Ungrabbing keybinding keycode 12 mask 0x40 on 0x21f
libmutter-Message: 12:47:11.636: KEYBINDINGS: Ungrabbing keybinding keycode 17 mask 0x44 on 0x21f
libmutter-Message: 12:47:11.636: KEYBINDINGS: Ungrabbing keybinding keycode 107 mask 0x0 on 0x21f
libmutter-Message: 12:47:11.636: KEYBINDINGS: Ungrabbing keybinding keycode 218 mask 0x0 on 0x21f
libmutter-Message: 12:47:11.636: KEYBINDINGS: Ungrabbing keybinding keycode 49 mask 0x9 on 0x21f
libmutter-Message: 12:47:11.636: KEYBINDINGS: Ungrabbing keybinding keycode 9 mask 0x9 on 0x21f
