Get:1 https://archive.ubuntu.com/ubuntu noble InRelease [256 kB]
Get:2 https://security.ubuntu.com/ubuntu noble-security InRelease [126 kB]
Get:3 https://security.ubuntu.com/ubuntu noble-security/main amd64 Packages [1071 kB]
Get:4 https://archive.ubuntu.com/ubuntu noble-updates InRelease [126 kB]
Get:5 https://archive.ubuntu.com/ubuntu noble/main amd64 Packages [1401 kB]
Get:6 https://security.ubuntu.com/ubuntu noble-security/main amd64 Components [46.4 kB]
Get:7 https://security.ubuntu.com/ubuntu noble-security/main amd64 c-n-f Metadata [11.9 kB]
Get:8 https://security.ubuntu.com/ubuntu noble-security/universe amd64 Packages [1216 kB]
Get:9 https://archive.ubuntu.com/ubuntu noble/main amd64 Components [464 kB]
Get:10 https://archive.ubuntu.com/ubuntu noble/main amd64 c-n-f Metadata [30.5 kB]
Get:11 https://archive.ubuntu.com/ubuntu noble/universe amd64 Packages [15.0 MB]
Get:12 https://security.ubuntu.com/ubuntu noble-security/universe amd64 Components [76.3 kB]
Get:13 https://security.ubuntu.com/ubuntu noble-security/universe amd64 c-n-f Metadata [24.2 kB]
Get:14 https://security.ubuntu.com/ubuntu noble-security/restricted amd64 Packages [1566 kB]
Get:15 https://security.ubuntu.com/ubuntu noble-security/restricted amd64 Components [212 B]
Get:16 https://security.ubuntu.com/ubuntu noble-security/restricted amd64 c-n-f Metadata [444 B]
Get:17 https://security.ubuntu.com/ubuntu noble-security/multiverse amd64 Packages [40.3 kB]
Get:18 https://security.ubuntu.com/ubuntu noble-security/multiverse amd64 Components [208 B]
Get:19 https://security.ubuntu.com/ubuntu noble-security/multiverse amd64 c-n-f Metadata [468 B]
Get:20 https://archive.ubuntu.com/ubuntu noble/universe amd64 Components [3871 kB]
Get:21 https://archive.ubuntu.com/ubuntu noble/universe amd64 c-n-f Metadata [301 kB]
Get:22 https://archive.ubuntu.com/ubuntu noble/restricted amd64 Packages [93.9 kB]
Get:23 https://archive.ubuntu.com/ubuntu noble/restricted amd64 c-n-f Metadata [416 B]
Get:24 https://archive.ubuntu.com/ubuntu noble/multiverse amd64 Packages [269 kB]
Get:25 https://archive.ubuntu.com/ubuntu noble/multiverse amd64 Components [35.0 kB]
Get:26 https://archive.ubuntu.com/ubuntu noble/multiverse amd64 c-n-f Metadata [8328 B]
Get:27 https://archive.ubuntu.com/ubuntu noble-updates/main amd64 Packages [1370 kB]
Get:28 https://archive.ubuntu.com/ubuntu noble-updates/main amd64 Components [181 kB]
Get:29 https://archive.ubuntu.com/ubuntu noble-updates/main amd64 c-n-f Metadata [17.7 kB]
Get:30 https://archive.ubuntu.com/ubuntu noble-updates/universe amd64 Packages [1701 kB]
Get:31 https://archive.ubuntu.com/ubuntu noble-updates/universe amd64 Components [388 kB]
Get:32 https://archive.ubuntu.com/ubuntu noble-updates/universe amd64 c-n-f Metadata [34.9 kB]
Get:33 https://archive.ubuntu.com/ubuntu noble-updates/restricted amd64 Packages [1728 kB]
Get:34 https://archive.ubuntu.com/ubuntu noble-updates/restricted amd64 Components [212 B]
Get:35 https://archive.ubuntu.com/ubuntu noble-updates/restricted amd64 c-n-f Metadata [456 B]
Get:36 https://archive.ubuntu.com/ubuntu noble-updates/multiverse amd64 Packages [45.7 kB]
Get:37 https://archive.ubuntu.com/ubuntu noble-updates/multiverse amd64 Components [940 B]
Get:38 https://archive.ubuntu.com/ubuntu noble-updates/multiverse amd64 c-n-f Metadata [656 B]
Fetched 31.5 MB in 11s (2998 kB/s)
Reading package lists...
