Fetching gvfs 1.54.4-0ubuntu1~24.04.4
Fetching gvfs-common 1.54.4-0ubuntu1~24.04.4
Fetching gvfs-daemons 1.54.4-0ubuntu1~24.04.4
Fetching gvfs-libs 1.54.4-0ubuntu1~24.04.4
Fetching hunspell-en-us 1:2020.12.07-2
Fetching libaccountsservice0 23.13.9-2ubuntu6.1
Fetching libadwaita-1-0 1.5.0-1ubuntu2
Fetching libaspell15 0.60.8.1-1build1
Fetching libatasmart4 0.19-5build3
Fetching libavahi-glib1 0.8-13ubuntu6.2
Fetching libblockdev-crypto3 3.1.1-1ubuntu0.1
Fetching libblockdev-fs3 3.1.1-1ubuntu0.1
Fetching libblockdev-loop3 3.1.1-1ubuntu0.1
Fetching libblockdev-mdraid3 3.1.1-1ubuntu0.1
Fetching libblockdev-nvme3 3.1.1-1ubuntu0.1
Fetching libblockdev-part3 3.1.1-1ubuntu0.1
Fetching libblockdev-swap3 3.1.1-1ubuntu0.1
Fetching libblockdev-utils3 3.1.1-1ubuntu0.1
Fetching libblockdev3 3.1.1-1ubuntu0.1
Fetching libbluetooth3 5.72-0ubuntu5.5
Fetching libbytesize-common 2.10-1ubuntu2
Fetching libbytesize1 2.10-1ubuntu2
Fetching libcamel-1.2-64t64 3.52.3-0ubuntu1.2
Fetching libcanberra-gtk3-0t64 0.30-10ubuntu10
Fetching libcanberra0t64 0.30-10ubuntu10
Fetching libcue2 2.2.1-4.1build1
Fetching libdbusmenu-glib4 18.10.20180917~bzr492+repack1-3.1ubuntu5
Fetching libdee-1.0-4 1.2.7+17.10.20170616-7build5
Fetching libecal-2.0-3 3.52.3-0ubuntu1.2
Fetching libedataserver-1.2-27t64 3.52.3-0ubuntu1.2
Fetching libeis1 1.2.1-1
Fetching libenchant-2-2 2.3.3-2build2
Fetching libevdev2 1.13.1+dfsg-1build1
Fetching libexempi8 2.6.5-1build1
Fetching libexif12 0.6.24-1ubuntu0.24.04.1
Fetching libexiv2-27 0.27.6-1ubuntu0.3
Fetching libfreeaptx0 0.1.1-2build1
Fetching libgck-2-2 4.2.0-5
Fetching libgcr-4-4 4.2.0-5
Fetching libgdm1 46.2-1ubuntu1~24.04.9
Fetching libgeoclue-2-0 2.7.0-3ubuntu7
Fetching libgeocode-glib-2-0 3.26.3-6build3
Fetching libgexiv2-2 0.14.2-2build3
Fetching libgif7 5.2.2-1ubuntu1.2
Fetching libgjs0g 1.80.2-1build2
Fetching libgnome-autoar-0-0 0.4.4-2build4
Fetching libgnome-bg-4-2t64 44.0-5build2
Fetching libgnome-bluetooth-3.0-13 46.0-1ubuntu1
Fetching libgnome-desktop-3-20t64 44.0-5build2
Fetching libgnome-desktop-4-2t64 44.0-5build2
Fetching libgpgme11t64 1.18.0-4.1ubuntu4
Fetching libgraphene-1.0-0 1.10.8-3build2
Fetching libgsf-1-114 1.14.51-2ubuntu0.1
Fetching libgsf-1-common 1.14.51-2ubuntu0.1
Fetching libgstreamer-gl1.0-0 1.24.2-1ubuntu0.5
Fetching libgstreamer-plugins-base1.0-0 1.24.2-1ubuntu0.5
Fetching libgtk-4-1 4.14.5+ds-0ubuntu0.10
Fetching libgtk-4-common 4.14.5+ds-0ubuntu0.10
Fetching libgweather-4-0t64 4.4.2-1build1
Fetching libgweather-4-common 4.4.2-1build1
Fetching libgxps2t64 0.3.2-4build3
Fetching libhunspell-1.7-0 1.7.2+really1.7.2-10build3
Fetching libhyphen0 2.8.8-7build3
Fetching libibus-1.0-5 1.5.29-2
Fetching libical3t64 3.0.17-1.1build3
Fetching libinput-bin 1.25.0-1ubuntu3.7
Fetching libinput10 1.25.0-1ubuntu3.7
Fetching libjavascriptcoregtk-6.0-1 2.52.6-0ubuntu0.24.04.1
Fetching libjson-glib-1.0-0 1.8.0-2build2
Fetching libjson-glib-1.0-common 1.8.0-2build2
Fetching liblc3-1 1.0.4-3build1
Fetching libldacbt-abr2 2.0.2.3+git20200429+ed310a0-4ubuntu2
Fetching libldacbt-enc2 2.0.2.3+git20200429+ed310a0-4ubuntu2
Fetching liblua5.4-0 5.4.6-3build2
Fetching libmanette-0.2-0 0.2.7-1build2
Fetching libmm-glib0 1.23.4-0ubuntu2
Fetching libmozjs-115-0t64 115.10.0-1
Fetching libmtdev1t64 1.1.6-1.1build1
Fetching libmutter-14-0 46.2-1ubuntu0.24.04.16
Fetching libnautilus-extension4 1:46.4-0ubuntu0.2
Fetching libnm0 1.46.0-1ubuntu2.8
Fetching libnma-common 1.10.6-3build2
Fetching libnma-gtk4-0 1.10.6-3build2
Fetching libnotify4 0.8.3-1build2
Fetching libnspr4 2:4.35-1.1build1
Fetching libnss3 2:3.98-1ubuntu0.2
Fetching libnvme1t64 1.8-3ubuntu1
Fetching libopenjp2-7 2.5.0-2ubuntu0.5
Fetching libparted2t64 3.6-4build1
Fetching libpipewire-0.3-0t64 1.0.5-1ubuntu3.3
Fetching libpipewire-0.3-modules 1.0.5-1ubuntu3.3
Fetching libpolkit-agent-1-0 124-2ubuntu1.24.04.4
Fetching libpolkit-gobject-1-0 124-2ubuntu1.24.04.4
Fetching libpoppler-glib8t64 24.02.0-1ubuntu9.9
Fetching libpoppler134 24.02.0-1ubuntu9.9
Fetching libportal-gtk4-1 0.7.1-5build5
Fetching libportal1 0.7.1-5build5
Fetching libpulse-mainloop-glib0 1:16.1+dfsg1-2ubuntu10.1
Fetching libroc0.3 0.3.0+dfsg-7ubuntu2
Fetching libsbc1 2.0-1build1
Fetching libsecret-1-0 0.21.4-1build3
Fetching libsecret-common 0.21.4-1build3
Fetching libsnapd-glib-2-1 1.64-0ubuntu5
Fetching libsoup-3.0-0 3.4.4-5ubuntu0.8
Fetching libsoup-3.0-common 3.4.4-5ubuntu0.8
Fetching libspa-0.2-bluetooth 1.0.5-1ubuntu3.3
Fetching libspa-0.2-modules 1.0.5-1ubuntu3.3
Fetching libspeexdsp1 1.2.1-1ubuntu3
Fetching libtdb1 1.4.10-1build1
Fetching libtotem-plparser-common 3.26.6-1build5
Fetching libtotem-plparser18 3.26.6-1build5
Fetching libtracker-sparql-3.0-0 3.7.1-1build1
Fetching libudisks2-0 2.10.1-6ubuntu1.5
Fetching libunity-protocol-private0 7.1.4+19.04.20190319-6build4
Fetching libunity-scopes-json-def-desktop 7.1.4+19.04.20190319-6build4
Fetching libunity9 7.1.4+19.04.20190319-6build4
Fetching libupower-glib3 1.90.3-1
Fetching libusb-1.0-0 2:1.0.27-1
Fetching libvolume-key1 0.3.12-7build2
Fetching libvorbisfile3 1.3.7-1build3
Fetching libwacom-common 2.10.0-2
Fetching libwacom9 2.10.0-2
Fetching libwebkitgtk-6.0-4 2.52.6-0ubuntu0.24.04.1
Fetching libwebrtc-audio-processing1 0.3.1-0ubuntu6
Fetching libwireplumber-0.4-0 0.4.17-1ubuntu4.1
Fetching libxcb-res0 1.15-1ubuntu2
Fetching libxcb-xkb1 1.15-1ubuntu2
Fetching libxkbcommon-x11-0 1.6.0-1build1
Fetching libxkbregistry0 1.6.0-1build1
Fetching libxslt1.1 1.1.39-0exp1ubuntu0.24.04.3
Fetching mutter-common 46.2-1ubuntu0.24.04.16
Fetching mutter-common-bin 46.2-1ubuntu0.24.04.16
Fetching nautilus 1:46.4-0ubuntu0.2
Fetching nautilus-data 1:46.4-0ubuntu0.2
Fetching parted 3.6-4build1
Fetching pipewire 1.0.5-1ubuntu3.3
Fetching pipewire-alsa 1.0.5-1ubuntu3.3
Fetching pipewire-audio 1.0.5-1ubuntu3.3
Fetching pipewire-bin 1.0.5-1ubuntu3.3
Fetching pipewire-pulse 1.0.5-1ubuntu3.3
Fetching polkitd 124-2ubuntu1.24.04.4
Fetching sound-theme-freedesktop 0.8-2ubuntu1
Fetching tracker 3.7.1-1build1
Fetching tracker-extract 3.7.1-1ubuntu0.1
Fetching tracker-miner-fs 3.7.1-1ubuntu0.1
Fetching ubuntu-wallpapers 24.04.2
Fetching ubuntu-wallpapers-noble 24.04.2
Fetching udisks2 2.10.1-6ubuntu1.5
Fetching wireplumber 0.4.17-1ubuntu4.1
Fetching xdg-dbus-proxy 0.1.5-1ubuntu0.2
Fetching xdg-desktop-portal 1.18.4-1ubuntu2.24.04.3
Fetching xdg-desktop-portal-gnome 46.2-0ubuntu1
Fetching xdg-desktop-portal-gtk 1.15.1-1build2
Prepared pinned GNOME laboratory: /home/ir4runner/.cache/syspane/campaign-229a498/linux-x64-gcc13/gnome-lab ; extracted bytes: 325327686
