Fetching bubblewrap 0.9.0-1ubuntu0.3
Fetching desktop-file-utils 0.27-2build1
Fetching dictionaries-common 1.29.7
Fetching dmidecode 3.5-3ubuntu0.2
Fetching emacsen-common 3.0.5
Fetching evolution-data-server-common 3.52.3-0ubuntu1.2
Fetching geoclue-2.0 2.7.0-3ubuntu7
Fetching geocode-glib-common 3.26.3-6build3
Fetching gir1.2-accountsservice-1.0 23.13.9-2ubuntu6.1
Fetching gir1.2-adw-1 1.5.0-1ubuntu2
Fetching gir1.2-gck-2 4.2.0-5
Fetching gir1.2-gcr-4 4.2.0-5
Fetching gir1.2-gdesktopenums-3.0 46.1-0ubuntu1
Fetching gir1.2-gdm-1.0 46.2-1ubuntu1~24.04.9
Fetching gir1.2-geoclue-2.0 2.7.0-3ubuntu7
Fetching gir1.2-gnomeautoar-0.1 0.4.4-2build4
Fetching gir1.2-gnomebg-4.0 44.0-5build2
Fetching gir1.2-gnomebluetooth-3.0 46.0-1ubuntu1
Fetching gir1.2-gnomedesktop-3.0 44.0-5build2
Fetching gir1.2-gnomedesktop-4.0 44.0-5build2
Fetching gir1.2-graphene-1.0 1.10.8-3build2
Fetching gir1.2-gtk-4.0 4.14.5+ds-0ubuntu0.10
Fetching gir1.2-gweather-4.0 4.4.2-1build1
Fetching gir1.2-ibus-1.0 1.5.29-2
Fetching gir1.2-javascriptcoregtk-6.0 2.52.6-0ubuntu0.24.04.1
Fetching gir1.2-mutter-14 46.2-1ubuntu0.24.04.16
Fetching gir1.2-nm-1.0 1.46.0-1ubuntu2.8
Fetching gir1.2-nma4-1.0 1.10.6-3build2
Fetching gir1.2-polkit-1.0 124-2ubuntu1.24.04.4
Fetching gir1.2-rsvg-2.0 2.58.0+dfsg-1build1
Fetching gir1.2-soup-3.0 3.4.4-5ubuntu0.8
Fetching gir1.2-upowerglib-1.0 1.90.3-1
Fetching gir1.2-webkit-6.0 2.52.6-0ubuntu0.24.04.1
Fetching gjs 1.80.2-1build2
Fetching gnome-bluetooth-3-common 46.0-1ubuntu1
Fetching gnome-desktop3-data 44.0-5build2
Fetching gnome-settings-daemon 46.0-1ubuntu1.24.04.1
Fetching gnome-settings-daemon-common 46.0-1ubuntu1.24.04.1
Fetching gnome-shell 46.0-0ubuntu6~24.04.15
Fetching gnome-shell-common 46.0-0ubuntu6~24.04.15
Fetching gnome-shell-extension-desktop-icons-ng 46+really47.0.9-1ubuntu5
Fetching gstreamer1.0-pipewire 1.0.5-1ubuntu3.3
Fetching gstreamer1.0-plugins-base 1.24.2-1ubuntu0.5
Fetching gvfs 1.54.4-0ubuntu1~24.04.2
Traceback (most recent call last):
  File "/mnt/d/Projects/SysPane/syspane/build-support/prepare_gnome_lab.py", line 103, in <module>
    main()
  File "/mnt/d/Projects/SysPane/syspane/build-support/prepare_gnome_lab.py", line 72, in main
    with urllib.request.urlopen(row['url'], timeout=30) as incoming, partial.open('xb') as outgoing:
         ^^^^^^^^^^^^^^^^^^^^^^^^^^^^^^^^^^^^^^^^^^^^^^
  File "/usr/lib/python3.12/urllib/request.py", line 215, in urlopen
    return opener.open(url, data, timeout)
           ^^^^^^^^^^^^^^^^^^^^^^^^^^^^^^^
  File "/usr/lib/python3.12/urllib/request.py", line 521, in open
    response = meth(req, response)
               ^^^^^^^^^^^^^^^^^^^
  File "/usr/lib/python3.12/urllib/request.py", line 630, in http_response
    response = self.parent.error(
               ^^^^^^^^^^^^^^^^^^
  File "/usr/lib/python3.12/urllib/request.py", line 559, in error
    return self._call_chain(*args)
           ^^^^^^^^^^^^^^^^^^^^^^^
  File "/usr/lib/python3.12/urllib/request.py", line 492, in _call_chain
    result = func(*args)
             ^^^^^^^^^^^
  File "/usr/lib/python3.12/urllib/request.py", line 639, in http_error_default
    raise HTTPError(req.full_url, code, msg, hdrs, fp)
urllib.error.HTTPError: HTTP Error 404: Not Found
